Archive member included to satisfy reference by file (symbol)

c:/nxp/mcuxpressoide_11.1.0_3209/ide/plugins/com.nxp.mcuxpresso.tools.win32_11.1.0.201909161352/tools/bin/../lib/gcc/arm-none-eabi/8.3.1/thumb/v6-m/nofp\libgcc.a(_udivsi3.o)
                              ./drivers/fsl_clock.o (__aeabi_uidiv)
c:/nxp/mcuxpressoide_11.1.0_3209/ide/plugins/com.nxp.mcuxpresso.tools.win32_11.1.0.201909161352/tools/bin/../lib/gcc/arm-none-eabi/8.3.1/thumb/v6-m/nofp\libgcc.a(_dvmd_tls.o)
                              c:/nxp/mcuxpressoide_11.1.0_3209/ide/plugins/com.nxp.mcuxpresso.tools.win32_11.1.0.201909161352/tools/bin/../lib/gcc/arm-none-eabi/8.3.1/thumb/v6-m/nofp\libgcc.a(_udivsi3.o) (__aeabi_idiv0)
c:/nxp/mcuxpressoide_11.1.0_3209/ide/plugins/com.nxp.mcuxpresso.tools.win32_11.1.0.201909161352/tools/bin/../lib/gcc/arm-none-eabi/8.3.1/../../../../arm-none-eabi/lib/thumb/v6-m/nofp\libc_nano.a(lib_a-init.o)
                              ./startup/startup_mkl25z4.o (__libc_init_array)
c:/nxp/mcuxpressoide_11.1.0_3209/ide/plugins/com.nxp.mcuxpresso.tools.win32_11.1.0.201909161352/tools/bin/../lib/gcc/arm-none-eabi/8.3.1/../../../../arm-none-eabi/lib/thumb/v6-m/nofp\libc_nano.a(lib_a-malloc.o)
                              ./source/cpp_config.o (malloc)
c:/nxp/mcuxpressoide_11.1.0_3209/ide/plugins/com.nxp.mcuxpresso.tools.win32_11.1.0.201909161352/tools/bin/../lib/gcc/arm-none-eabi/8.3.1/../../../../arm-none-eabi/lib/thumb/v6-m/nofp\libc_nano.a(lib_a-memcpy-stub.o)
                              ./drivers/fsl_flash.o (memcpy)
c:/nxp/mcuxpressoide_11.1.0_3209/ide/plugins/com.nxp.mcuxpresso.tools.win32_11.1.0.201909161352/tools/bin/../lib/gcc/arm-none-eabi/8.3.1/../../../../arm-none-eabi/lib/thumb/v6-m/nofp\libc_nano.a(lib_a-memset.o)
                              ./drivers/fsl_flash.o (memset)
c:/nxp/mcuxpressoide_11.1.0_3209/ide/plugins/com.nxp.mcuxpresso.tools.win32_11.1.0.201909161352/tools/bin/../lib/gcc/arm-none-eabi/8.3.1/../../../../arm-none-eabi/lib/thumb/v6-m/nofp\libc_nano.a(lib_a-nano-freer.o)
                              c:/nxp/mcuxpressoide_11.1.0_3209/ide/plugins/com.nxp.mcuxpresso.tools.win32_11.1.0.201909161352/tools/bin/../lib/gcc/arm-none-eabi/8.3.1/../../../../arm-none-eabi/lib/thumb/v6-m/nofp\libc_nano.a(lib_a-malloc.o) (_free_r)
c:/nxp/mcuxpressoide_11.1.0_3209/ide/plugins/com.nxp.mcuxpresso.tools.win32_11.1.0.201909161352/tools/bin/../lib/gcc/arm-none-eabi/8.3.1/../../../../arm-none-eabi/lib/thumb/v6-m/nofp\libc_nano.a(lib_a-nano-mallocr.o)
                              c:/nxp/mcuxpressoide_11.1.0_3209/ide/plugins/com.nxp.mcuxpresso.tools.win32_11.1.0.201909161352/tools/bin/../lib/gcc/arm-none-eabi/8.3.1/../../../../arm-none-eabi/lib/thumb/v6-m/nofp\libc_nano.a(lib_a-malloc.o) (_malloc_r)
c:/nxp/mcuxpressoide_11.1.0_3209/ide/plugins/com.nxp.mcuxpresso.tools.win32_11.1.0.201909161352/tools/bin/../lib/gcc/arm-none-eabi/8.3.1/../../../../arm-none-eabi/lib/thumb/v6-m/nofp\libc_nano.a(lib_a-printf.o)
                              ./source/main.o (printf)
c:/nxp/mcuxpressoide_11.1.0_3209/ide/plugins/com.nxp.mcuxpresso.tools.win32_11.1.0.201909161352/tools/bin/../lib/gcc/arm-none-eabi/8.3.1/../../../../arm-none-eabi/lib/thumb/v6-m/nofp\libc_nano.a(lib_a-sbrkr.o)
                              c:/nxp/mcuxpressoide_11.1.0_3209/ide/plugins/com.nxp.mcuxpresso.tools.win32_11.1.0.201909161352/tools/bin/../lib/gcc/arm-none-eabi/8.3.1/../../../../arm-none-eabi/lib/thumb/v6-m/nofp\libc_nano.a(lib_a-nano-mallocr.o) (_sbrk_r)
c:/nxp/mcuxpressoide_11.1.0_3209/ide/plugins/com.nxp.mcuxpresso.tools.win32_11.1.0.201909161352/tools/bin/../lib/gcc/arm-none-eabi/8.3.1/../../../../arm-none-eabi/lib/thumb/v6-m/nofp\libc_nano.a(lib_a-findfp.o)
                              c:/nxp/mcuxpressoide_11.1.0_3209/ide/plugins/com.nxp.mcuxpresso.tools.win32_11.1.0.201909161352/tools/bin/../lib/gcc/arm-none-eabi/8.3.1/../../../../arm-none-eabi/lib/thumb/v6-m/nofp\libc_nano.a(lib_a-printf.o) (__sinit)
c:/nxp/mcuxpressoide_11.1.0_3209/ide/plugins/com.nxp.mcuxpresso.tools.win32_11.1.0.201909161352/tools/bin/../lib/gcc/arm-none-eabi/8.3.1/../../../../arm-none-eabi/lib/thumb/v6-m/nofp\libc_nano.a(lib_a-fwalk.o)
                              c:/nxp/mcuxpressoide_11.1.0_3209/ide/plugins/com.nxp.mcuxpresso.tools.win32_11.1.0.201909161352/tools/bin/../lib/gcc/arm-none-eabi/8.3.1/../../../../arm-none-eabi/lib/thumb/v6-m/nofp\libc_nano.a(lib_a-findfp.o) (_fwalk)
c:/nxp/mcuxpressoide_11.1.0_3209/ide/plugins/com.nxp.mcuxpresso.tools.win32_11.1.0.201909161352/tools/bin/../lib/gcc/arm-none-eabi/8.3.1/../../../../arm-none-eabi/lib/thumb/v6-m/nofp\libc_nano.a(lib_a-impure.o)
                              c:/nxp/mcuxpressoide_11.1.0_3209/ide/plugins/com.nxp.mcuxpresso.tools.win32_11.1.0.201909161352/tools/bin/../lib/gcc/arm-none-eabi/8.3.1/../../../../arm-none-eabi/lib/thumb/v6-m/nofp\libc_nano.a(lib_a-findfp.o) (_global_impure_ptr)
[...]
Memory Configuration

Name             Origin             Length             Attributes
PROGRAM_FLASH    0x00000000         0x00020000         xr
SRAM             0x1ffff000         0x00004000         xrw
*default*        0x00000000         0xffffffff

Linker script and memory map

LOAD ./utilities/fsl_debug_console.o
LOAD ./startup/startup_mkl25z4.o
LOAD ./source/cpp_config.o
LOAD ./source/main.o
LOAD ./source/mtb.o
LOAD ./source/semihost_hardfault.o
LOAD ./drivers/fsl_clock.o
LOAD ./drivers/fsl_common.o
LOAD ./drivers/fsl_flash.o
LOAD ./drivers/fsl_gpio.o
LOAD ./drivers/fsl_lpsci.o
LOAD ./drivers/fsl_smc.o
LOAD ./drivers/fsl_uart.o
LOAD ./board/board.o
LOAD ./board/clock_config.o
LOAD ./board/peripherals.o
LOAD ./board/pin_mux.o
LOAD ./CMSIS/system_MKL25Z4.o
START GROUP
LOAD c:/nxp/mcuxpressoide_11.1.0_3209/ide/plugins/com.nxp.mcuxpresso.tools.win32_11.1.0.201909161352/tools/bin/../lib/gcc/arm-none-eabi/8.3.1/thumb/v6-m/nofp\libgcc.a
LOAD c:/nxp/mcuxpressoide_11.1.0_3209/ide/plugins/com.nxp.mcuxpresso.tools.win32_11.1.0.201909161352/tools/bin/../lib/gcc/arm-none-eabi/8.3.1/../../../../arm-none-eabi/lib/thumb/v6-m/nofp\libc_nano.a
LOAD c:/nxp/mcuxpressoide_11.1.0_3209/ide/plugins/com.nxp.mcuxpresso.tools.win32_11.1.0.201909161352/tools/bin/../lib/gcc/arm-none-eabi/8.3.1/../../../../arm-none-eabi/lib/thumb/v6-m/nofp\libstdc++_nano.a
LOAD c:/nxp/mcuxpressoide_11.1.0_3209/ide/plugins/com.nxp.mcuxpresso.tools.win32_11.1.0.201909161352/tools/bin/../lib/gcc/arm-none-eabi/8.3.1/../../../../arm-none-eabi/lib/thumb/v6-m/nofp\libm.a
LOAD c:/nxp/mcuxpressoide_11.1.0_3209/ide/plugins/com.nxp.mcuxpresso.tools.win32_11.1.0.201909161352/tools/bin/../lib/gcc/arm-none-eabi/8.3.1/../../../../arm-none-eabi/lib/thumb/v6-m/nofp\libcr_newlib_semihost.a
LOAD c:/nxp/mcuxpressoide_11.1.0_3209/ide/plugins/com.nxp.mcuxpresso.tools.win32_11.1.0.201909161352/tools/bin/../lib/gcc/arm-none-eabi/8.3.1/thumb/v6-m/nofp\crti.o
LOAD c:/nxp/mcuxpressoide_11.1.0_3209/ide/plugins/com.nxp.mcuxpresso.tools.win32_11.1.0.201909161352/tools/bin/../lib/gcc/arm-none-eabi/8.3.1/thumb/v6-m/nofp\crtn.o
LOAD c:/nxp/mcuxpressoide_11.1.0_3209/ide/plugins/com.nxp.mcuxpresso.tools.win32_11.1.0.201909161352/tools/bin/../lib/gcc/arm-none-eabi/8.3.1/thumb/v6-m/nofp\crtbegin.o
LOAD c:/nxp/mcuxpressoide_11.1.0_3209/ide/plugins/com.nxp.mcuxpresso.tools.win32_11.1.0.201909161352/tools/bin/../lib/gcc/arm-none-eabi/8.3.1/thumb/v6-m/nofp\crtend.o
END GROUP
                0x00000000                __base_PROGRAM_FLASH = 0x0
                0x00000000                __base_Flash = 0x0
                0x00020000                __top_PROGRAM_FLASH = 0x20000
                0x00020000                __top_Flash = 0x20000
                0x1ffff000                __base_SRAM = 0x1ffff000
                0x1ffff000                __base_RAM = 0x1ffff000
                0x20003000                __top_SRAM = 0x20003000
                0x20003000                __top_RAM = 0x20003000

.text           0x00000000     0x3118
 FILL mask 0xff
                0x00000000                __vectors_start__ = ABSOLUTE (.)
 *(SORT_BY_ALIGNMENT(.isr_vector))
 .isr_vector    0x00000000       0xc0 ./startup/startup_mkl25z4.o
                0x00000000                g_pfnVectors
                0x00000000                __Vectors
                0x000000c0                . = ALIGN (0x4)
                0x000000c0                __section_table_start = .
                0x000000c0                __data_section_table = .
                0x000000c0        0x4 LONG 0x3118 LOADADDR (.data)
                0x000000c4        0x4 LONG 0x1ffff080 ADDR (.data)
                0x000000c8        0x4 LONG 0x6c SIZEOF (.data)
                0x000000cc                __data_section_table_end = .
                0x000000cc                __bss_section_table = .
                0x000000cc        0x4 LONG 0x1ffff0ec ADDR (.bss)
                0x000000d0        0x4 LONG 0xa0 SIZEOF (.bss)
                0x000000d4                __bss_section_table_end = .
                0x000000d4                __section_table_end = .
 *(SORT_BY_ALIGNMENT(.after_vectors*))
 .after_vectors.reset
                0x000000d4       0x50 ./startup/startup_mkl25z4.o
                0x000000d4                ResetISR
 .after_vectors.init_data
                0x00000124       0x12 ./startup/startup_mkl25z4.o
                0x00000124                data_init(unsigned int, unsigned int, unsigned int)
 .after_vectors.init_bss
                0x00000136       0x10 ./startup/startup_mkl25z4.o
                0x00000136                bss_init(unsigned int, unsigned int)
 .after_vectors
                0x00000146      0x10c ./startup/startup_mkl25z4.o
                0x00000146                NMI_Handler
                0x0000014a                SVC_Handler
                0x0000014c                PendSV_Handler
                0x0000014e                SysTick_Handler
                0x00000150                LPTMR0_DriverIRQHandler
                0x00000150                Reserved39_DriverIRQHandler
                0x00000150                DMA0_DriverIRQHandler
                0x00000150                SPI1_DriverIRQHandler
                0x00000150                I2C0_DriverIRQHandler
                0x00000150                PORTD_DriverIRQHandler
                0x00000150                DMA2_DriverIRQHandler
                0x00000150                CMP0_DriverIRQHandler
                0x00000150                TPM2_DriverIRQHandler
                0x00000150                ADC0_DriverIRQHandler
                0x00000150                SPI0_DriverIRQHandler
                0x00000150                TSI0_DriverIRQHandler
                0x00000150                RTC_Seconds_DriverIRQHandler
                0x00000150                I2C1_DriverIRQHandler
                0x00000150                DMA1_DriverIRQHandler
                0x00000150                LLWU_DriverIRQHandler
                0x00000150                MCG_DriverIRQHandler
                0x00000150                PIT_DriverIRQHandler
                0x00000150                RTC_DriverIRQHandler
                0x00000150                TPM1_DriverIRQHandler
                0x00000150                FTFA_DriverIRQHandler
                0x00000150                IntDefaultHandler
                0x00000150                USB0_DriverIRQHandler
                0x00000150                DAC0_DriverIRQHandler
                0x00000150                PORTA_DriverIRQHandler
                0x00000150                LVD_LVW_DriverIRQHandler
                0x00000150                TPM0_DriverIRQHandler
                0x00000150                Reserved45_DriverIRQHandler
                0x00000150                DMA3_DriverIRQHandler
                0x00000150                Reserved20_DriverIRQHandler
                0x00000152                DMA0_IRQHandler
                0x0000015a                DMA1_IRQHandler
                0x00000162                DMA2_IRQHandler
                0x0000016a                DMA3_IRQHandler
                0x00000172                Reserved20_IRQHandler
                0x0000017a                FTFA_IRQHandler
                0x00000182                LVD_LVW_IRQHandler
                0x0000018a                LLWU_IRQHandler
                0x00000192                I2C0_IRQHandler
                0x0000019a                I2C1_IRQHandler
                0x000001a2                SPI0_IRQHandler
                0x000001aa                SPI1_IRQHandler
                0x000001b2                UART0_IRQHandler
                0x000001ba                UART1_IRQHandler
                0x000001c2                UART2_IRQHandler
                0x000001ca                ADC0_IRQHandler
                0x000001d2                CMP0_IRQHandler
                0x000001da                TPM0_IRQHandler
                0x000001e2                TPM1_IRQHandler
                0x000001ea                TPM2_IRQHandler
                0x000001f2                RTC_IRQHandler
                0x000001fa                RTC_Seconds_IRQHandler
                0x00000202                PIT_IRQHandler
                0x0000020a                Reserved39_IRQHandler
                0x00000212                USB0_IRQHandler
                0x0000021a                DAC0_IRQHandler
                0x00000222                TSI0_IRQHandler
                0x0000022a                MCG_IRQHandler
                0x00000232                LPTMR0_IRQHandler
                0x0000023a                Reserved45_IRQHandler
                0x00000242                PORTA_IRQHandler
                0x0000024a                PORTD_IRQHandler
                0x00000400                . = 0x400
 *fill*         0x00000252      0x1ae ff
                0x00000400                PROVIDE (__FLASH_CONFIG_START__ = .)
 *(SORT_BY_ALIGNMENT(.FlashConfig))
 .FlashConfig   0x00000400       0x10 ./startup/startup_mkl25z4.o
                0x00000410                PROVIDE (__FLASH_CONFIG_END__ = .)
                0x00000001                ASSERT (! ((__FLASH_CONFIG_START__ == __FLASH_CONFIG_END__)), Linker Flash Config Support Enabled, but no .FlashConfig section provided within application)
 *(SORT_BY_ALIGNMENT(.text*))
 .text.DbgConsole_Init
                0x00000410       0xf0 ./utilities/fsl_debug_console.o
                0x00000410                DbgConsole_Init
 .text.main     0x00000500       0x34 ./source/main.o
                0x00000500                main
 .text.HardFault_Handler
                0x00000534       0x30 ./source/semihost_hardfault.o
                0x00000534                HardFault_Handler
 .text.CLOCK_SetEr32kClock
                0x00000564       0x34 ./drivers/fsl_clock.o
 .text.CLOCK_SetPllFllSelClock
                0x00000598       0x38 ./drivers/fsl_clock.o
 .text.CLOCK_GetMcgExtClkFreq
                0x000005d0       0x34 ./drivers/fsl_clock.o
 .text.CLOCK_GetFllExtRefClkFreq
                0x00000604       0xa4 ./drivers/fsl_clock.o
 .text.CLOCK_GetFllRefClkFreq
                0x000006a8       0x2c ./drivers/fsl_clock.o
 .text.CLOCK_GetOscRangeFromFreq
                0x000006d4       0x4c ./drivers/fsl_clock.o
 .text.CLOCK_GetPllFllSelClkFreq
                0x00000720       0x4c ./drivers/fsl_clock.o
                0x00000720                CLOCK_GetPllFllSelClkFreq
 .text.CLOCK_SetSimConfig
                0x0000076c       0x38 ./drivers/fsl_clock.o
                0x0000076c                CLOCK_SetSimConfig
 .text.CLOCK_GetFllFreq
                0x000007a4       0x84 ./drivers/fsl_clock.o
                0x000007a4                CLOCK_GetFllFreq
 .text.CLOCK_GetPll0Freq
                0x00000828       0x80 ./drivers/fsl_clock.o
                0x00000828                CLOCK_GetPll0Freq
 .text.CLOCK_SetInternalRefClkConfig
                0x000008a8      0x124 ./drivers/fsl_clock.o
                0x000008a8                CLOCK_SetInternalRefClkConfig
 .text.CLOCK_EnablePll0
                0x000009cc       0xa0 ./drivers/fsl_clock.o
                0x000009cc                CLOCK_EnablePll0
 .text.CLOCK_InitOsc0
                0x00000a6c       0x94 ./drivers/fsl_clock.o
                0x00000a6c                CLOCK_InitOsc0
 .text.CLOCK_SetPbeMode
                0x00000b00       0xc0 ./drivers/fsl_clock.o
                0x00000b00                CLOCK_SetPbeMode
 .text.CLOCK_BootToPeeMode
                0x00000bc0       0x80 ./drivers/fsl_clock.o
                0x00000bc0                CLOCK_BootToPeeMode
 .text.__assert_func
                0x00000c40       0x28 ./drivers/fsl_common.o
                0x00000c40                __assert_func
 .text.CLOCK_EnableClock
                0x00000c68       0x34 ./drivers/fsl_lpsci.o
 .text.LPSCI_GetInstance
                0x00000c9c       0x54 ./drivers/fsl_lpsci.o
                0x00000c9c                LPSCI_GetInstance
 .text.LPSCI_Init
                0x00000cf0      0x268 ./drivers/fsl_lpsci.o
                0x00000cf0                LPSCI_Init
 .text.LPSCI_GetDefaultConfig
                0x00000f58       0x54 ./drivers/fsl_lpsci.o
                0x00000f58                LPSCI_GetDefaultConfig
 .text.LPSCI_ClearStatusFlags
                0x00000fac       0x94 ./drivers/fsl_lpsci.o
                0x00000fac                LPSCI_ClearStatusFlags
 .text.LPSCI_WriteBlocking
                0x00001040       0x5c ./drivers/fsl_lpsci.o
                0x00001040                LPSCI_WriteBlocking
 .text.LPSCI_ReadBlocking
                0x0000109c       0xd0 ./drivers/fsl_lpsci.o
                0x0000109c                LPSCI_ReadBlocking
 .text.UART0_DriverIRQHandler
                0x0000116c       0x24 ./drivers/fsl_lpsci.o
                0x0000116c                UART0_DriverIRQHandler
 .text.CLOCK_EnableClock
                0x00001190       0x34 ./drivers/fsl_uart.o
 .text.UART_GetInstance
                0x000011c4       0x60 ./drivers/fsl_uart.o
                0x000011c4                UART_GetInstance
 .text.UART_Init
                0x00001224      0x1f0 ./drivers/fsl_uart.o
                0x00001224                UART_Init
 .text.UART_GetDefaultConfig
                0x00001414       0x54 ./drivers/fsl_uart.o
                0x00001414                UART_GetDefaultConfig
 .text.UART_ReadBlocking
                0x00001468       0xa8 ./drivers/fsl_uart.o
                0x00001468                UART_ReadBlocking
 .text.UART1_DriverIRQHandler
                0x00001510       0x24 ./drivers/fsl_uart.o
                0x00001510                UART1_DriverIRQHandler
 .text.UART2_DriverIRQHandler
                0x00001534       0x24 ./drivers/fsl_uart.o
                0x00001534                UART2_DriverIRQHandler
 .text.CLOCK_SetLpsci0Clock
                0x00001558       0x38 ./board/board.o
 .text.BOARD_InitDebugConsole
                0x00001590       0x30 ./board/board.o
                0x00001590                BOARD_InitDebugConsole
 .text.CLOCK_SetSimSafeDivs
                0x000015c0       0x20 ./board/clock_config.o
 .text.CLOCK_SetXtal0Freq
                0x000015e0       0x1c ./board/clock_config.o
 .text.CLOCK_CONFIG_SetFllExtRefDiv
                0x000015fc       0x3c ./board/clock_config.o
 .text.BOARD_BootClockRUN
                0x00001638       0x64 ./board/clock_config.o
                0x00001638                BOARD_BootClockRUN
 .text.CLOCK_EnableClock
                0x0000169c       0x34 ./board/pin_mux.o
 .text.PORT_SetPinMux
                0x000016d0       0x40 ./board/pin_mux.o
 .text.BOARD_InitPins
                0x00001710       0x4c ./board/pin_mux.o
                0x00001710                BOARD_InitPins
 .text.SystemInit
                0x0000175c       0x18 ./CMSIS/system_MKL25Z4.o
                0x0000175c                SystemInit
 .text          0x00001774      0x114 c:/nxp/mcuxpressoide_11.1.0_3209/ide/plugins/com.nxp.mcuxpresso.tools.win32_11.1.0.201909161352/tools/bin/../lib/gcc/arm-none-eabi/8.3.1/thumb/v6-m/nofp\libgcc.a(_udivsi3.o)
                0x00001774                __aeabi_uidiv
                0x00001774                __udivsi3
                0x00001880                __aeabi_uidivmod
 .text          0x00001888        0x4 c:/nxp/mcuxpressoide_11.1.0_3209/ide/plugins/com.nxp.mcuxpresso.tools.win32_11.1.0.201909161352/tools/bin/../lib/gcc/arm-none-eabi/8.3.1/thumb/v6-m/nofp\libgcc.a(_dvmd_tls.o)
                0x00001888                __aeabi_idiv0
                0x00001888                __aeabi_ldiv0
 .text.__libc_init_array
                0x0000188c       0x48 c:/nxp/mcuxpressoide_11.1.0_3209/ide/plugins/com.nxp.mcuxpresso.tools.win32_11.1.0.201909161352/tools/bin/../lib/gcc/arm-none-eabi/8.3.1/../../../../arm-none-eabi/lib/thumb/v6-m/nofp\libc_nano.a(lib_a-init.o)
                0x0000188c                __libc_init_array
 .text._free_r  0x000018d4       0x94 c:/nxp/mcuxpressoide_11.1.0_3209/ide/plugins/com.nxp.mcuxpresso.tools.win32_11.1.0.201909161352/tools/bin/../lib/gcc/arm-none-eabi/8.3.1/../../../../arm-none-eabi/lib/thumb/v6-m/nofp\libc_nano.a(lib_a-nano-freer.o)
                0x000018d4                _free_r
 .text._malloc_r
                0x00001968       0xbc c:/nxp/mcuxpressoide_11.1.0_3209/ide/plugins/com.nxp.mcuxpresso.tools.win32_11.1.0.201909161352/tools/bin/../lib/gcc/arm-none-eabi/8.3.1/../../../../arm-none-eabi/lib/thumb/v6-m/nofp\libc_nano.a(lib_a-nano-mallocr.o)
                0x00001968                _malloc_r
 .text.printf   0x00001a24       0x34 c:/nxp/mcuxpressoide_11.1.0_3209/ide/plugins/com.nxp.mcuxpresso.tools.win32_11.1.0.201909161352/tools/bin/../lib/gcc/arm-none-eabi/8.3.1/../../../../arm-none-eabi/lib/thumb/v6-m/nofp\libc_nano.a(lib_a-printf.o)
                0x00001a24                iprintf
                0x00001a24                printf
 .text._sbrk_r  0x00001a58       0x24 c:/nxp/mcuxpressoide_11.1.0_3209/ide/plugins/com.nxp.mcuxpresso.tools.win32_11.1.0.201909161352/tools/bin/../lib/gcc/arm-none-eabi/8.3.1/../../../../arm-none-eabi/lib/thumb/v6-m/nofp\libc_nano.a(lib_a-sbrkr.o)
                0x00001a58                _sbrk_r
 .text.std      0x00001a7c       0x48 c:/nxp/mcuxpressoide_11.1.0_3209/ide/plugins/com.nxp.mcuxpresso.tools.win32_11.1.0.201909161352/tools/bin/../lib/gcc/arm-none-eabi/8.3.1/../../../../arm-none-eabi/lib/thumb/v6-m/nofp\libc_nano.a(lib_a-findfp.o)
 .text._cleanup_r
                0x00001ac4       0x10 c:/nxp/mcuxpressoide_11.1.0_3209/ide/plugins/com.nxp.mcuxpresso.tools.win32_11.1.0.201909161352/tools/bin/../lib/gcc/arm-none-eabi/8.3.1/../../../../arm-none-eabi/lib/thumb/v6-m/nofp\libc_nano.a(lib_a-findfp.o)
                0x00001ac4                _cleanup_r
 .text.__sfp_lock_acquire
                0x00001ad4       0x10 c:/nxp/mcuxpressoide_11.1.0_3209/ide/plugins/com.nxp.mcuxpresso.tools.win32_11.1.0.201909161352/tools/bin/../lib/gcc/arm-none-eabi/8.3.1/../../../../arm-none-eabi/lib/thumb/v6-m/nofp\libc_nano.a(lib_a-findfp.o)
                0x00001ad4                __sfp_lock_acquire
 .text.__sfp_lock_release
                0x00001ae4       0x10 c:/nxp/mcuxpressoide_11.1.0_3209/ide/plugins/com.nxp.mcuxpresso.tools.win32_11.1.0.201909161352/tools/bin/../lib/gcc/arm-none-eabi/8.3.1/../../../../arm-none-eabi/lib/thumb/v6-m/nofp\libc_nano.a(lib_a-findfp.o)
                0x00001ae4                __sfp_lock_release
 .text.__sinit_lock_acquire
                0x00001af4       0x10 c:/nxp/mcuxpressoide_11.1.0_3209/ide/plugins/com.nxp.mcuxpresso.tools.win32_11.1.0.201909161352/tools/bin/../lib/gcc/arm-none-eabi/8.3.1/../../../../arm-none-eabi/lib/thumb/v6-m/nofp\libc_nano.a(lib_a-findfp.o)
                0x00001af4                __sinit_lock_acquire
 .text.__sinit_lock_release
                0x00001b04       0x10 c:/nxp/mcuxpressoide_11.1.0_3209/ide/plugins/com.nxp.mcuxpresso.tools.win32_11.1.0.201909161352/tools/bin/../lib/gcc/arm-none-eabi/8.3.1/../../../../arm-none-eabi/lib/thumb/v6-m/nofp\libc_nano.a(lib_a-findfp.o)
                0x00001b04                __sinit_lock_release
 .text.__sinit  0x00001b14       0x70 c:/nxp/mcuxpressoide_11.1.0_3209/ide/plugins/com.nxp.mcuxpresso.tools.win32_11.1.0.201909161352/tools/bin/../lib/gcc/arm-none-eabi/8.3.1/../../../../arm-none-eabi/lib/thumb/v6-m/nofp\libc_nano.a(lib_a-findfp.o)
                0x00001b14                __sinit
 .text.__sfp    0x00001b84       0x90 c:/nxp/mcuxpressoide_11.1.0_3209/ide/plugins/com.nxp.mcuxpresso.tools.win32_11.1.0.201909161352/tools/bin/../lib/gcc/arm-none-eabi/8.3.1/../../../../arm-none-eabi/lib/thumb/v6-m/nofp\libc_nano.a(lib_a-findfp.o)
                0x00001b84                __sfp
 .text.__malloc_lock
                0x00001c14       0x10 c:/nxp/mcuxpressoide_11.1.0_3209/ide/plugins/com.nxp.mcuxpresso.tools.win32_11.1.0.201909161352/tools/bin/../lib/gcc/arm-none-eabi/8.3.1/../../../../arm-none-eabi/lib/thumb/v6-m/nofp\libc_nano.a(lib_a-mlock.o)
                0x00001c14                __malloc_lock
 .text.__malloc_unlock
                0x00001c24       0x10 c:/nxp/mcuxpressoide_11.1.0_3209/ide/plugins/com.nxp.mcuxpresso.tools.win32_11.1.0.201909161352/tools/bin/../lib/gcc/arm-none-eabi/8.3.1/../../../../arm-none-eabi/lib/thumb/v6-m/nofp\libc_nano.a(lib_a-mlock.o)
                0x00001c24                __malloc_unlock
 .text._vfprintf_r
                0x00001c34      0x26c c:/nxp/mcuxpressoide_11.1.0_3209/ide/plugins/com.nxp.mcuxpresso.tools.win32_11.1.0.201909161352/tools/bin/../lib/gcc/arm-none-eabi/8.3.1/../../../../arm-none-eabi/lib/thumb/v6-m/nofp\libc_nano.a(lib_a-nano-vfprintf.o)
                0x00001c34                _vfprintf_r
                0x00001c34                _vfiprintf_r
 .text._printf_i
                0x00001ea0      0x214 c:/nxp/mcuxpressoide_11.1.0_3209/ide/plugins/com.nxp.mcuxpresso.tools.win32_11.1.0.201909161352/tools/bin/../lib/gcc/arm-none-eabi/8.3.1/../../../../arm-none-eabi/lib/thumb/v6-m/nofp\libc_nano.a(lib_a-nano-vfprintf_i.o)
                0x00001ea0                _printf_i
 .text.__sread  0x000020b4       0x28 c:/nxp/mcuxpressoide_11.1.0_3209/ide/plugins/com.nxp.mcuxpresso.tools.win32_11.1.0.201909161352/tools/bin/../lib/gcc/arm-none-eabi/8.3.1/../../../../arm-none-eabi/lib/thumb/v6-m/nofp\libc_nano.a(lib_a-stdio.o)
                0x000020b4                __sread
 .text.__swrite
                0x000020dc       0x38 c:/nxp/mcuxpressoide_11.1.0_3209/ide/plugins/com.nxp.mcuxpresso.tools.win32_11.1.0.201909161352/tools/bin/../lib/gcc/arm-none-eabi/8.3.1/../../../../arm-none-eabi/lib/thumb/v6-m/nofp\libc_nano.a(lib_a-stdio.o)
                0x000020dc                __swrite
 .text.__sseek  0x00002114       0x2c c:/nxp/mcuxpressoide_11.1.0_3209/ide/plugins/com.nxp.mcuxpresso.tools.win32_11.1.0.201909161352/tools/bin/../lib/gcc/arm-none-eabi/8.3.1/../../../../arm-none-eabi/lib/thumb/v6-m/nofp\libc_nano.a(lib_a-stdio.o)
                0x00002114                __sseek
 .text.__swbuf_r
                0x00002140       0xac c:/nxp/mcuxpressoide_11.1.0_3209/ide/plugins/com.nxp.mcuxpresso.tools.win32_11.1.0.201909161352/tools/bin/../lib/gcc/arm-none-eabi/8.3.1/../../../../arm-none-eabi/lib/thumb/v6-m/nofp\libc_nano.a(lib_a-wbuf.o)
                0x00002140                __swbuf_r
 .text._write_r
                0x000021ec       0x28 c:/nxp/mcuxpressoide_11.1.0_3209/ide/plugins/com.nxp.mcuxpresso.tools.win32_11.1.0.201909161352/tools/bin/../lib/gcc/arm-none-eabi/8.3.1/../../../../arm-none-eabi/lib/thumb/v6-m/nofp\libc_nano.a(lib_a-writer.o)
                0x000021ec                _write_r
 .text.__swsetup_r
                0x00002214       0xec c:/nxp/mcuxpressoide_11.1.0_3209/ide/plugins/com.nxp.mcuxpresso.tools.win32_11.1.0.201909161352/tools/bin/../lib/gcc/arm-none-eabi/8.3.1/../../../../arm-none-eabi/lib/thumb/v6-m/nofp\libc_nano.a(lib_a-wsetup.o)
                0x00002214                __swsetup_r
 .text._close_r
                0x00002300       0x24 c:/nxp/mcuxpressoide_11.1.0_3209/ide/plugins/com.nxp.mcuxpresso.tools.win32_11.1.0.201909161352/tools/bin/../lib/gcc/arm-none-eabi/8.3.1/../../../../arm-none-eabi/lib/thumb/v6-m/nofp\libc_nano.a(lib_a-closer.o)
                0x00002300                _close_r
 .text.__sflush_r
                0x00002324      0x114 c:/nxp/mcuxpressoide_11.1.0_3209/ide/plugins/com.nxp.mcuxpresso.tools.win32_11.1.0.201909161352/tools/bin/../lib/gcc/arm-none-eabi/8.3.1/../../../../arm-none-eabi/lib/thumb/v6-m/nofp\libc_nano.a(lib_a-fflush.o)
                0x00002324                __sflush_r
 .text._fflush_r
                0x00002438       0x80 c:/nxp/mcuxpressoide_11.1.0_3209/ide/plugins/com.nxp.mcuxpresso.tools.win32_11.1.0.201909161352/tools/bin/../lib/gcc/arm-none-eabi/8.3.1/../../../../arm-none-eabi/lib/thumb/v6-m/nofp\libc_nano.a(lib_a-fflush.o)
                0x00002438                _fflush_r
 .text._lseek_r
                0x000024b8       0x28 c:/nxp/mcuxpressoide_11.1.0_3209/ide/plugins/com.nxp.mcuxpresso.tools.win32_11.1.0.201909161352/tools/bin/../lib/gcc/arm-none-eabi/8.3.1/../../../../arm-none-eabi/lib/thumb/v6-m/nofp\libc_nano.a(lib_a-lseekr.o)
                0x000024b8                _lseek_r
 .text.__swhatbuf_r
                0x000024e0       0x50 c:/nxp/mcuxpressoide_11.1.0_3209/ide/plugins/com.nxp.mcuxpresso.tools.win32_11.1.0.201909161352/tools/bin/../lib/gcc/arm-none-eabi/8.3.1/../../../../arm-none-eabi/lib/thumb/v6-m/nofp\libc_nano.a(lib_a-makebuf.o)
                0x000024e0                __swhatbuf_r
 .text.__smakebuf_r
                0x00002530       0x88 c:/nxp/mcuxpressoide_11.1.0_3209/ide/plugins/com.nxp.mcuxpresso.tools.win32_11.1.0.201909161352/tools/bin/../lib/gcc/arm-none-eabi/8.3.1/../../../../arm-none-eabi/lib/thumb/v6-m/nofp\libc_nano.a(lib_a-makebuf.o)
                0x00002530                __smakebuf_r
 .text._read_r  0x000025b8       0x28 c:/nxp/mcuxpressoide_11.1.0_3209/ide/plugins/com.nxp.mcuxpresso.tools.win32_11.1.0.201909161352/tools/bin/../lib/gcc/arm-none-eabi/8.3.1/../../../../arm-none-eabi/lib/thumb/v6-m/nofp\libc_nano.a(lib_a-readr.o)
                0x000025b8                _read_r
 .text._fstat_r
                0x000025e0       0x24 c:/nxp/mcuxpressoide_11.1.0_3209/ide/plugins/com.nxp.mcuxpresso.tools.win32_11.1.0.201909161352/tools/bin/../lib/gcc/arm-none-eabi/8.3.1/../../../../arm-none-eabi/lib/thumb/v6-m/nofp\libc_nano.a(lib_a-fstatr.o)
                0x000025e0                _fstat_r
 .text._isatty_r
                0x00002604       0x24 c:/nxp/mcuxpressoide_11.1.0_3209/ide/plugins/com.nxp.mcuxpresso.tools.win32_11.1.0.201909161352/tools/bin/../lib/gcc/arm-none-eabi/8.3.1/../../../../arm-none-eabi/lib/thumb/v6-m/nofp\libc_nano.a(lib_a-isattyr.o)
                0x00002604                _isatty_r
 .text._sbrk    0x00002628       0x40 c:/nxp/mcuxpressoide_11.1.0_3209/ide/plugins/com.nxp.mcuxpresso.tools.win32_11.1.0.201909161352/tools/bin/../lib/gcc/arm-none-eabi/8.3.1/../../../../arm-none-eabi/lib/thumb/v6-m/nofp\libcr_newlib_semihost.a(_cr_sbrk.o)
                0x00002628                _sbrk
 .text.initialise_monitor_handles
                0x00002668       0xa0 c:/nxp/mcuxpressoide_11.1.0_3209/ide/plugins/com.nxp.mcuxpresso.tools.win32_11.1.0.201909161352/tools/bin/../lib/gcc/arm-none-eabi/8.3.1/../../../../arm-none-eabi/lib/thumb/v6-m/nofp\libcr_newlib_semihost.a(syscalls.o)
 .text.findslot
                0x00002708       0x24 c:/nxp/mcuxpressoide_11.1.0_3209/ide/plugins/com.nxp.mcuxpresso.tools.win32_11.1.0.201909161352/tools/bin/../lib/gcc/arm-none-eabi/8.3.1/../../../../arm-none-eabi/lib/thumb/v6-m/nofp\libcr_newlib_semihost.a(syscalls.o)
 .text._close   0x0000272c       0x4c c:/nxp/mcuxpressoide_11.1.0_3209/ide/plugins/com.nxp.mcuxpresso.tools.win32_11.1.0.201909161352/tools/bin/../lib/gcc/arm-none-eabi/8.3.1/../../../../arm-none-eabi/lib/thumb/v6-m/nofp\libcr_newlib_semihost.a(syscalls.o)
                0x0000272c                _close
 .text.__check_heap_overflow
                0x00002778       0x14 c:/nxp/mcuxpressoide_11.1.0_3209/ide/plugins/com.nxp.mcuxpresso.tools.win32_11.1.0.201909161352/tools/bin/../lib/gcc/arm-none-eabi/8.3.1/../../../../arm-none-eabi/lib/thumb/v6-m/nofp\libcr_newlib_semihost.a(_cr_check_heap.o)
                0x00002778                __check_heap_overflow
 .text          0x0000278c       0x48 c:/nxp/mcuxpressoide_11.1.0_3209/ide/plugins/com.nxp.mcuxpresso.tools.win32_11.1.0.201909161352/tools/bin/../lib/gcc/arm-none-eabi/8.3.1/thumb/v6-m/nofp\crtbegin.o
 .text.__errno  0x000027d4        0xc c:/nxp/mcuxpressoide_11.1.0_3209/ide/plugins/com.nxp.mcuxpresso.tools.win32_11.1.0.201909161352/tools/bin/../lib/gcc/arm-none-eabi/8.3.1/../../../../arm-none-eabi/lib/thumb/v6-m/nofp\libc_nano.a(lib_a-errno.o)
                0x000027d4                __errno
 .text.UART_EnableTx
                0x000027e0       0x40 ./utilities/fsl_debug_console.o
 .text.UART_EnableRx
                0x00002820       0x40 ./utilities/fsl_debug_console.o
 .text.LPSCI_EnableTx
                0x00002860       0x40 ./utilities/fsl_debug_console.o
 .text.LPSCI_EnableRx
                0x000028a0       0x40 ./utilities/fsl_debug_console.o
 .text.OSC_SetExtRefClkConfig
                0x000028e0       0x3e ./drivers/fsl_clock.o
 .text.OSC_SetCapLoad
                0x0000291e       0x42 ./drivers/fsl_clock.o
 .text.CLOCK_GetPll0RefFreq
                0x00002960       0x10 ./drivers/fsl_clock.o
 .text.CLOCK_SetExternalRefClkConfig
                0x00002970       0x16 ./drivers/fsl_clock.o
                0x00002970                CLOCK_SetExternalRefClkConfig
 .text.LPSCI_GetStatusFlags
                0x00002986       0x26 ./drivers/fsl_lpsci.o
                0x00002986                LPSCI_GetStatusFlags
 .text.UART_GetStatusFlags
                0x000029ac       0x26 ./drivers/fsl_uart.o
                0x000029ac                UART_GetStatusFlags
 .text.UART_WriteBlocking
                0x000029d2       0x3a ./drivers/fsl_uart.o
                0x000029d2                UART_WriteBlocking
 .text.BOARD_InitBootClocks
                0x00002a0c        0xe ./board/clock_config.o
                0x00002a0c                BOARD_InitBootClocks
 .text.BOARD_InitBootPeripherals
                0x00002a1a        0xa ./board/peripherals.o
                0x00002a1a                BOARD_InitBootPeripherals
 .text.BOARD_InitBootPins
                0x00002a24        0xe ./board/pin_mux.o
                0x00002a24                BOARD_InitBootPins
 .text.memset   0x00002a32       0x10 c:/nxp/mcuxpressoide_11.1.0_3209/ide/plugins/com.nxp.mcuxpresso.tools.win32_11.1.0.201909161352/tools/bin/../lib/gcc/arm-none-eabi/8.3.1/../../../../arm-none-eabi/lib/thumb/v6-m/nofp\libc_nano.a(lib_a-memset.o)
                0x00002a32                memset
 .text.__sfmoreglue
                0x00002a42       0x2c c:/nxp/mcuxpressoide_11.1.0_3209/ide/plugins/com.nxp.mcuxpresso.tools.win32_11.1.0.201909161352/tools/bin/../lib/gcc/arm-none-eabi/8.3.1/../../../../arm-none-eabi/lib/thumb/v6-m/nofp\libc_nano.a(lib_a-findfp.o)
                0x00002a42                __sfmoreglue
 .text._fwalk_reent
                0x00002a6e       0x42 c:/nxp/mcuxpressoide_11.1.0_3209/ide/plugins/com.nxp.mcuxpresso.tools.win32_11.1.0.201909161352/tools/bin/../lib/gcc/arm-none-eabi/8.3.1/../../../../arm-none-eabi/lib/thumb/v6-m/nofp\libc_nano.a(lib_a-fwalk.o)
                0x00002a6e                _fwalk_reent
 .text.__retarget_lock_init_recursive
                0x00002ab0        0x2 c:/nxp/mcuxpressoide_11.1.0_3209/ide/plugins/com.nxp.mcuxpresso.tools.win32_11.1.0.201909161352/tools/bin/../lib/gcc/arm-none-eabi/8.3.1/../../../../arm-none-eabi/lib/thumb/v6-m/nofp\libc_nano.a(lib_a-lock.o)
                0x00002ab0                __retarget_lock_init_recursive
 .text.__retarget_lock_acquire_recursive
                0x00002ab2        0x2 c:/nxp/mcuxpressoide_11.1.0_3209/ide/plugins/com.nxp.mcuxpresso.tools.win32_11.1.0.201909161352/tools/bin/../lib/gcc/arm-none-eabi/8.3.1/../../../../arm-none-eabi/lib/thumb/v6-m/nofp\libc_nano.a(lib_a-lock.o)
                0x00002ab2                __retarget_lock_acquire_recursive
 .text.__retarget_lock_release_recursive
                0x00002ab4        0x2 c:/nxp/mcuxpressoide_11.1.0_3209/ide/plugins/com.nxp.mcuxpresso.tools.win32_11.1.0.201909161352/tools/bin/../lib/gcc/arm-none-eabi/8.3.1/../../../../arm-none-eabi/lib/thumb/v6-m/nofp\libc_nano.a(lib_a-lock.o)
                0x00002ab4                __retarget_lock_release_recursive
 .text.__sfputc_r
                0x00002ab6       0x2a c:/nxp/mcuxpressoide_11.1.0_3209/ide/plugins/com.nxp.mcuxpresso.tools.win32_11.1.0.201909161352/tools/bin/../lib/gcc/arm-none-eabi/8.3.1/../../../../arm-none-eabi/lib/thumb/v6-m/nofp\libc_nano.a(lib_a-nano-vfprintf.o)
 .text.__sfputs_r
                0x00002ae0       0x24 c:/nxp/mcuxpressoide_11.1.0_3209/ide/plugins/com.nxp.mcuxpresso.tools.win32_11.1.0.201909161352/tools/bin/../lib/gcc/arm-none-eabi/8.3.1/../../../../arm-none-eabi/lib/thumb/v6-m/nofp\libc_nano.a(lib_a-nano-vfprintf.o)
                0x00002ae0                __sfputs_r
 .text._printf_common
                0x00002b04       0xda c:/nxp/mcuxpressoide_11.1.0_3209/ide/plugins/com.nxp.mcuxpresso.tools.win32_11.1.0.201909161352/tools/bin/../lib/gcc/arm-none-eabi/8.3.1/../../../../arm-none-eabi/lib/thumb/v6-m/nofp\libc_nano.a(lib_a-nano-vfprintf_i.o)
                0x00002b04                _printf_common
 .text.__sclose
                0x00002bde        0xc c:/nxp/mcuxpressoide_11.1.0_3209/ide/plugins/com.nxp.mcuxpresso.tools.win32_11.1.0.201909161352/tools/bin/../lib/gcc/arm-none-eabi/8.3.1/../../../../arm-none-eabi/lib/thumb/v6-m/nofp\libc_nano.a(lib_a-stdio.o)
                0x00002bde                __sclose
 .text.memchr   0x00002bea       0x16 c:/nxp/mcuxpressoide_11.1.0_3209/ide/plugins/com.nxp.mcuxpresso.tools.win32_11.1.0.201909161352/tools/bin/../lib/gcc/arm-none-eabi/8.3.1/../../../../arm-none-eabi/lib/thumb/v6-m/nofp\libc_nano.a(lib_a-memchr-stub.o)
                0x00002bea                memchr
 .text.error    0x00002c00       0x1c c:/nxp/mcuxpressoide_11.1.0_3209/ide/plugins/com.nxp.mcuxpresso.tools.win32_11.1.0.201909161352/tools/bin/../lib/gcc/arm-none-eabi/8.3.1/../../../../arm-none-eabi/lib/thumb/v6-m/nofp\libcr_newlib_semihost.a(syscalls.o)
 .text.checkerror
                0x00002c1c       0x20 c:/nxp/mcuxpressoide_11.1.0_3209/ide/plugins/com.nxp.mcuxpresso.tools.win32_11.1.0.201909161352/tools/bin/../lib/gcc/arm-none-eabi/8.3.1/../../../../arm-none-eabi/lib/thumb/v6-m/nofp\libcr_newlib_semihost.a(syscalls.o)
 .text._swiread
                0x00002c3c       0x20 c:/nxp/mcuxpressoide_11.1.0_3209/ide/plugins/com.nxp.mcuxpresso.tools.win32_11.1.0.201909161352/tools/bin/../lib/gcc/arm-none-eabi/8.3.1/../../../../arm-none-eabi/lib/thumb/v6-m/nofp\libcr_newlib_semihost.a(syscalls.o)
                0x00002c3c                _swiread
 .text._read    0x00002c5c       0x34 c:/nxp/mcuxpressoide_11.1.0_3209/ide/plugins/com.nxp.mcuxpresso.tools.win32_11.1.0.201909161352/tools/bin/../lib/gcc/arm-none-eabi/8.3.1/../../../../arm-none-eabi/lib/thumb/v6-m/nofp\libcr_newlib_semihost.a(syscalls.o)
                0x00002c5c                _read
 .text._swilseek
                0x00002c90       0x76 c:/nxp/mcuxpressoide_11.1.0_3209/ide/plugins/com.nxp.mcuxpresso.tools.win32_11.1.0.201909161352/tools/bin/../lib/gcc/arm-none-eabi/8.3.1/../../../../arm-none-eabi/lib/thumb/v6-m/nofp\libcr_newlib_semihost.a(syscalls.o)
                0x00002c90                _swilseek
 .text._lseek   0x00002d06        0x8 c:/nxp/mcuxpressoide_11.1.0_3209/ide/plugins/com.nxp.mcuxpresso.tools.win32_11.1.0.201909161352/tools/bin/../lib/gcc/arm-none-eabi/8.3.1/../../../../arm-none-eabi/lib/thumb/v6-m/nofp\libcr_newlib_semihost.a(syscalls.o)
                0x00002d06                _lseek
 .text._swiwrite
                0x00002d0e       0x20 c:/nxp/mcuxpressoide_11.1.0_3209/ide/plugins/com.nxp.mcuxpresso.tools.win32_11.1.0.201909161352/tools/bin/../lib/gcc/arm-none-eabi/8.3.1/../../../../arm-none-eabi/lib/thumb/v6-m/nofp\libcr_newlib_semihost.a(syscalls.o)
                0x00002d0e                _swiwrite
 .text._write   0x00002d2e       0x3e c:/nxp/mcuxpressoide_11.1.0_3209/ide/plugins/com.nxp.mcuxpresso.tools.win32_11.1.0.201909161352/tools/bin/../lib/gcc/arm-none-eabi/8.3.1/../../../../arm-none-eabi/lib/thumb/v6-m/nofp\libcr_newlib_semihost.a(syscalls.o)
                0x00002d2e                _write
 .text._swiclose
                0x00002d6c       0x18 c:/nxp/mcuxpressoide_11.1.0_3209/ide/plugins/com.nxp.mcuxpresso.tools.win32_11.1.0.201909161352/tools/bin/../lib/gcc/arm-none-eabi/8.3.1/../../../../arm-none-eabi/lib/thumb/v6-m/nofp\libcr_newlib_semihost.a(syscalls.o)
                0x00002d6c                _swiclose
 .text._swistat
                0x00002d84       0x44 c:/nxp/mcuxpressoide_11.1.0_3209/ide/plugins/com.nxp.mcuxpresso.tools.win32_11.1.0.201909161352/tools/bin/../lib/gcc/arm-none-eabi/8.3.1/../../../../arm-none-eabi/lib/thumb/v6-m/nofp\libcr_newlib_semihost.a(syscalls.o)
                0x00002d84                _swistat
 .text._fstat   0x00002dc8       0x1a c:/nxp/mcuxpressoide_11.1.0_3209/ide/plugins/com.nxp.mcuxpresso.tools.win32_11.1.0.201909161352/tools/bin/../lib/gcc/arm-none-eabi/8.3.1/../../../../arm-none-eabi/lib/thumb/v6-m/nofp\libcr_newlib_semihost.a(syscalls.o)
                0x00002dc8                _fstat
 .text._isatty  0x00002de2       0x28 c:/nxp/mcuxpressoide_11.1.0_3209/ide/plugins/com.nxp.mcuxpresso.tools.win32_11.1.0.201909161352/tools/bin/../lib/gcc/arm-none-eabi/8.3.1/../../../../arm-none-eabi/lib/thumb/v6-m/nofp\libcr_newlib_semihost.a(syscalls.o)
                0x00002de2                _isatty
 *(SORT_BY_ALIGNMENT(.rodata) SORT_BY_ALIGNMENT(.rodata.*) SORT_BY_ALIGNMENT(.constdata) SORT_BY_ALIGNMENT(.constdata.*))
 *fill*         0x00002e0a        0x2 ff
 .rodata.main.str1.4
                0x00002e0c        0xd ./source/main.o
 *fill*         0x00002e19        0x3 ff
 .rodata.CLOCK_GetMcgExtClkFreq.str1.4
                0x00002e1c       0x19 ./drivers/fsl_clock.o
 *fill*         0x00002e35        0x3 ff
 .rodata.CLOCK_GetPll0Freq.str1.4
                0x00002e38        0xb ./drivers/fsl_clock.o
 *fill*         0x00002e43        0x1 ff
 .rodata.CLOCK_EnablePll0.str1.4
                0x00002e44        0x7 ./drivers/fsl_clock.o
 *fill*         0x00002e4b        0x1 ff
 .rodata.__func__.5330
                0x00002e4c       0x17 ./drivers/fsl_clock.o
 *fill*         0x00002e63        0x1 ff
 .rodata.fllFactorTable.5436
                0x00002e64       0x10 ./drivers/fsl_clock.o
 .rodata.__func__.5451
                0x00002e74       0x12 ./drivers/fsl_clock.o
 *fill*         0x00002e86        0x2 ff
 .rodata.__func__.5491
                0x00002e88       0x11 ./drivers/fsl_clock.o
 *fill*         0x00002e99        0x3 ff
 .rodata.__func__.5628
                0x00002e9c       0x11 ./drivers/fsl_clock.o
 *fill*         0x00002ead        0x3 ff
 .rodata.__func__.5695
                0x00002eb0       0x14 ./drivers/fsl_clock.o
 .rodata.__assert_func.str1.4
                0x00002ec4       0x3e ./drivers/fsl_common.o
 *fill*         0x00002f02        0x2 ff
 .rodata.LPSCI_GetInstance.str1.4
                0x00002f04       0x31 ./drivers/fsl_lpsci.o
 *fill*         0x00002f35        0x3 ff
 .rodata.LPSCI_ReadNonBlocking.str1.4
                0x00002f38        0x5 ./drivers/fsl_lpsci.o
 *fill*         0x00002f3d        0x3 ff
 .rodata.LPSCI_Init.str1.4
                0x00002f40       0x15 ./drivers/fsl_lpsci.o
                                 0x1d (size before relaxing)
 *fill*         0x00002f55        0x3 ff
 .rodata.__func__.5511
                0x00002f58       0x12 ./drivers/fsl_lpsci.o
 *fill*         0x00002f6a        0x2 ff
 .rodata.__func__.5547
                0x00002f6c        0xb ./drivers/fsl_lpsci.o
 *fill*         0x00002f77        0x1 ff
 .rodata.__func__.5568
                0x00002f78       0x17 ./drivers/fsl_lpsci.o
 *fill*         0x00002f8f        0x1 ff
 .rodata.__func__.5613
                0x00002f90       0x14 ./drivers/fsl_lpsci.o
 .rodata.__func__.5625
                0x00002fa4       0x13 ./drivers/fsl_lpsci.o
 *fill*         0x00002fb7        0x1 ff
 .rodata.s_uartBases
                0x00002fb8        0xc ./drivers/fsl_uart.o
 .rodata.s_uartClock
                0x00002fc4        0xc ./drivers/fsl_uart.o
 .rodata.UART_GetInstance.str1.4
                0x00002fd0       0x28 ./drivers/fsl_uart.o
 .rodata.UART_Init.str1.4
                0x00002ff8       0x1d ./drivers/fsl_uart.o
 .rodata.UART_WriteNonBlocking.str1.4
                0x00002ff8        0x5 ./drivers/fsl_uart.o
 .rodata.__func__.5514
                0x00002ff8       0x11 ./drivers/fsl_uart.o
 *fill*         0x00003009        0x3 ff
 .rodata.__func__.5530
                0x0000300c        0xa ./drivers/fsl_uart.o
 *fill*         0x00003016        0x2 ff
 .rodata.__func__.5543
                0x00003018       0x16 ./drivers/fsl_uart.o
 *fill*         0x0000302e        0x2 ff
 .rodata.__func__.5601
                0x00003030       0x12 ./drivers/fsl_uart.o
 *fill*         0x00003042        0x2 ff
 .rodata.mcgConfig_BOARD_BootClockRUN
                0x00003044        0xa ./board/clock_config.o
                0x00003044                mcgConfig_BOARD_BootClockRUN
 *fill*         0x0000304e        0x2 ff
 .rodata.simConfig_BOARD_BootClockRUN
                0x00003050        0x8 ./board/clock_config.o
                0x00003050                simConfig_BOARD_BootClockRUN
 .rodata.oscConfig_BOARD_BootClockRUN
                0x00003058        0x8 ./board/clock_config.o
                0x00003058                oscConfig_BOARD_BootClockRUN
 .rodata.__sf_fake_stderr
                0x00003060       0x20 c:/nxp/mcuxpressoide_11.1.0_3209/ide/plugins/com.nxp.mcuxpresso.tools.win32_11.1.0.201909161352/tools/bin/../lib/gcc/arm-none-eabi/8.3.1/../../../../arm-none-eabi/lib/thumb/v6-m/nofp\libc_nano.a(lib_a-findfp.o)
                0x00003060                __sf_fake_stderr
 .rodata.__sf_fake_stdin
                0x00003080       0x20 c:/nxp/mcuxpressoide_11.1.0_3209/ide/plugins/com.nxp.mcuxpresso.tools.win32_11.1.0.201909161352/tools/bin/../lib/gcc/arm-none-eabi/8.3.1/../../../../arm-none-eabi/lib/thumb/v6-m/nofp\libc_nano.a(lib_a-findfp.o)
                0x00003080                __sf_fake_stdin
 .rodata.__sf_fake_stdout
                0x000030a0       0x20 c:/nxp/mcuxpressoide_11.1.0_3209/ide/plugins/com.nxp.mcuxpresso.tools.win32_11.1.0.201909161352/tools/bin/../lib/gcc/arm-none-eabi/8.3.1/../../../../arm-none-eabi/lib/thumb/v6-m/nofp\libc_nano.a(lib_a-findfp.o)
                0x000030a0                __sf_fake_stdout
 .rodata._global_impure_ptr
                0x000030c0        0x4 c:/nxp/mcuxpressoide_11.1.0_3209/ide/plugins/com.nxp.mcuxpresso.tools.win32_11.1.0.201909161352/tools/bin/../lib/gcc/arm-none-eabi/8.3.1/../../../../arm-none-eabi/lib/thumb/v6-m/nofp\libc_nano.a(lib_a-impure.o)
                0x000030c0                _global_impure_ptr
 .rodata._vfprintf_r.str1.1
                0x000030c4       0x11 c:/nxp/mcuxpressoide_11.1.0_3209/ide/plugins/com.nxp.mcuxpresso.tools.win32_11.1.0.201909161352/tools/bin/../lib/gcc/arm-none-eabi/8.3.1/../../../../arm-none-eabi/lib/thumb/v6-m/nofp\libc_nano.a(lib_a-nano-vfprintf.o)
 .rodata._printf_i.str1.1
                0x000030d5       0x22 c:/nxp/mcuxpressoide_11.1.0_3209/ide/plugins/com.nxp.mcuxpresso.tools.win32_11.1.0.201909161352/tools/bin/../lib/gcc/arm-none-eabi/8.3.1/../../../../arm-none-eabi/lib/thumb/v6-m/nofp\libc_nano.a(lib_a-nano-vfprintf_i.o)
 .rodata.initialise_monitor_handles.str1.1
                0x000030f7        0x4 c:/nxp/mcuxpressoide_11.1.0_3209/ide/plugins/com.nxp.mcuxpresso.tools.win32_11.1.0.201909161352/tools/bin/../lib/gcc/arm-none-eabi/8.3.1/../../../../arm-none-eabi/lib/thumb/v6-m/nofp\libcr_newlib_semihost.a(syscalls.o)
                0x000030fc                . = ALIGN (0x4)
 *fill*         0x000030fb        0x1 ff
                0x000030fc                . = ALIGN (0x4)
 *(SORT_BY_ALIGNMENT(.init))
 .init          0x000030fc        0x4 c:/nxp/mcuxpressoide_11.1.0_3209/ide/plugins/com.nxp.mcuxpresso.tools.win32_11.1.0.201909161352/tools/bin/../lib/gcc/arm-none-eabi/8.3.1/thumb/v6-m/nofp\crti.o
                0x000030fc                _init
 .init          0x00003100        0x8 c:/nxp/mcuxpressoide_11.1.0_3209/ide/plugins/com.nxp.mcuxpresso.tools.win32_11.1.0.201909161352/tools/bin/../lib/gcc/arm-none-eabi/8.3.1/thumb/v6-m/nofp\crtn.o
                0x00003108                . = ALIGN (0x4)
                0x00003108                __preinit_array_start = .
 *(SORT_BY_ALIGNMENT(.preinit_array))
                0x00003108                __preinit_array_end = .
                0x00003108                . = ALIGN (0x4)
                0x00003108                __init_array_start = .
 *(SORT_BY_NAME(SORT_BY_ALIGNMENT(.init_array.*)))
 *(SORT_BY_ALIGNMENT(.init_array))
 .init_array    0x00003108        0x4 c:/nxp/mcuxpressoide_11.1.0_3209/ide/plugins/com.nxp.mcuxpresso.tools.win32_11.1.0.201909161352/tools/bin/../lib/gcc/arm-none-eabi/8.3.1/thumb/v6-m/nofp\crtbegin.o
                0x0000310c                __init_array_end = .
 *(SORT_BY_ALIGNMENT(.fini))
 .fini          0x0000310c        0x4 c:/nxp/mcuxpressoide_11.1.0_3209/ide/plugins/com.nxp.mcuxpresso.tools.win32_11.1.0.201909161352/tools/bin/../lib/gcc/arm-none-eabi/8.3.1/thumb/v6-m/nofp\crti.o
                0x0000310c                _fini
 .fini          0x00003110        0x8 c:/nxp/mcuxpressoide_11.1.0_3209/ide/plugins/com.nxp.mcuxpresso.tools.win32_11.1.0.201909161352/tools/bin/../lib/gcc/arm-none-eabi/8.3.1/thumb/v6-m/nofp\crtn.o
                0x00003118                . = ALIGN (0x4)
 *crtbegin.o(SORT_BY_ALIGNMENT(.ctors))
 *(SORT_BY_ALIGNMENT(EXCLUDE_FILE(*crtend.o) .ctors))
 *(SORT_BY_NAME(SORT_BY_ALIGNMENT(.ctors.*)))
 *crtend.o(SORT_BY_ALIGNMENT(.ctors))
                0x00003118                . = ALIGN (0x4)
 *crtbegin.o(SORT_BY_ALIGNMENT(.dtors))
 *(SORT_BY_ALIGNMENT(EXCLUDE_FILE(*crtend.o) .dtors))
 *(SORT_BY_NAME(SORT_BY_ALIGNMENT(.dtors.*)))
 *crtend.o(SORT_BY_ALIGNMENT(.dtors))
                0x00003118                . = ALIGN (0x4)

.glue_7         0x00003118        0x0
 .glue_7        0x00003118        0x0 linker stubs

.glue_7t        0x00003118        0x0
 .glue_7t       0x00003118        0x0 linker stubs

.vfp11_veneer   0x00003118        0x0
 .vfp11_veneer  0x00003118        0x0 linker stubs

.v4_bx          0x00003118        0x0
 .v4_bx         0x00003118        0x0 linker stubs

.iplt           0x00003118        0x0
 .iplt          0x00003118        0x0 ./utilities/fsl_debug_console.o

.rel.dyn        0x00003118        0x0
 .rel.iplt      0x00003118        0x0 ./utilities/fsl_debug_console.o

.eh_frame       0x00003118        0x0
 .eh_frame      0x00003118        0x0 c:/nxp/mcuxpressoide_11.1.0_3209/ide/plugins/com.nxp.mcuxpresso.tools.win32_11.1.0.201909161352/tools/bin/../lib/gcc/arm-none-eabi/8.3.1/thumb/v6-m/nofp\crtbegin.o

.ARM.extab
 *(SORT_BY_ALIGNMENT(.ARM.extab*) SORT_BY_ALIGNMENT(.gnu.linkonce.armextab.*))
                0x00003118                __exidx_start = .

.ARM.exidx
 *(SORT_BY_ALIGNMENT(.ARM.exidx*) SORT_BY_ALIGNMENT(.gnu.linkonce.armexidx.*))
                0x00003118                __exidx_end = .
                0x00003118                _etext = .

.m_usb_data
 *(SORT_BY_ALIGNMENT(m_usb_bdt))

.mtb_buffer_default
                0x1ffff000       0x80
 *(SORT_BY_ALIGNMENT(.mtb*))
 .mtb.$RAM1     0x1ffff000       0x80 ./source/mtb.o
                0x1ffff000                __mtb_buffer__

.uninit_RESERVED
                0x1ffff080        0x0
                0x1ffff080                _start_uninit_RESERVED = .
 *(SORT_BY_ALIGNMENT(.bss.$RESERVED*))
                0x1ffff080                . = ALIGN (0x4)
                0x1ffff080                _end_uninit_RESERVED = .

.data           0x1ffff080       0x6c load address 0x00003118
 FILL mask 0xff
                0x1ffff080                _data = .
                [!provide]                PROVIDE (__start_data_RAM = .)
                [!provide]                PROVIDE (__start_data_SRAM = .)
 *(SORT_BY_ALIGNMENT(vtable))
 *(SORT_BY_ALIGNMENT(.ramfunc*))
 *(SORT_BY_ALIGNMENT(CodeQuickAccess))
 *(SORT_BY_ALIGNMENT(DataQuickAccess))
 *(SORT_BY_ALIGNMENT(RamFunction))
 *(SORT_BY_ALIGNMENT(.data*))
 .data.s_slowIrcFreq
                0x1ffff080        0x4 ./drivers/fsl_clock.o
 .data.SystemCoreClock
                0x1ffff084        0x4 ./CMSIS/system_MKL25Z4.o
                0x1ffff084                SystemCoreClock
 .data._impure_ptr
                0x1ffff088        0x4 c:/nxp/mcuxpressoide_11.1.0_3209/ide/plugins/com.nxp.mcuxpresso.tools.win32_11.1.0.201909161352/tools/bin/../lib/gcc/arm-none-eabi/8.3.1/../../../../arm-none-eabi/lib/thumb/v6-m/nofp\libc_nano.a(lib_a-impure.o)
                0x1ffff088                _impure_ptr
 .data.impure_data
                0x1ffff08c       0x60 c:/nxp/mcuxpressoide_11.1.0_3209/ide/plugins/com.nxp.mcuxpresso.tools.win32_11.1.0.201909161352/tools/bin/../lib/gcc/arm-none-eabi/8.3.1/../../../../arm-none-eabi/lib/thumb/v6-m/nofp\libc_nano.a(lib_a-impure.o)
                0x1ffff0ec                . = ALIGN (0x4)
                0x1ffff0ec                _edata = .
                [!provide]                PROVIDE (__end_data_RAM = .)
                [!provide]                PROVIDE (__end_data_SRAM = .)

.igot.plt       0x1ffff0ec        0x0 load address 0x00003184
 .igot.plt      0x1ffff0ec        0x0 ./utilities/fsl_debug_console.o

.bss            0x1ffff0ec       0xa0
                0x1ffff0ec                _bss = .
                [!provide]                PROVIDE (__start_bss_RAM = .)
                [!provide]                PROVIDE (__start_bss_SRAM = .)
 *(SORT_BY_ALIGNMENT(.bss*))
 .bss.s_debugConsole
                0x1ffff0ec       0x10 ./utilities/fsl_debug_console.o
 .bss._ZZ4mainE1i
                0x1ffff0fc        0x4 ./source/main.o
 .bss.g_xtal0Freq
                0x1ffff100        0x4 ./drivers/fsl_clock.o
                0x1ffff100                g_xtal0Freq
 .bss.s_lpsciHandle
                0x1ffff104        0x4 ./drivers/fsl_lpsci.o
 .bss.s_lpsciIsr
                0x1ffff108        0x4 ./drivers/fsl_lpsci.o
 .bss.s_uartHandle
                0x1ffff10c        0xc ./drivers/fsl_uart.o
 .bss.s_uartIsr
                0x1ffff118        0x4 ./drivers/fsl_uart.o
 .bss.__malloc_free_list
                0x1ffff11c        0x4 c:/nxp/mcuxpressoide_11.1.0_3209/ide/plugins/com.nxp.mcuxpresso.tools.win32_11.1.0.201909161352/tools/bin/../lib/gcc/arm-none-eabi/8.3.1/../../../../arm-none-eabi/lib/thumb/v6-m/nofp\libc_nano.a(lib_a-nano-mallocr.o)
                0x1ffff11c                __malloc_free_list
 .bss.__malloc_sbrk_start
                0x1ffff120        0x4 c:/nxp/mcuxpressoide_11.1.0_3209/ide/plugins/com.nxp.mcuxpresso.tools.win32_11.1.0.201909161352/tools/bin/../lib/gcc/arm-none-eabi/8.3.1/../../../../arm-none-eabi/lib/thumb/v6-m/nofp\libc_nano.a(lib_a-nano-mallocr.o)
                0x1ffff120                __malloc_sbrk_start
 .bss.__end_of_heap
                0x1ffff124        0x4 c:/nxp/mcuxpressoide_11.1.0_3209/ide/plugins/com.nxp.mcuxpresso.tools.win32_11.1.0.201909161352/tools/bin/../lib/gcc/arm-none-eabi/8.3.1/../../../../arm-none-eabi/lib/thumb/v6-m/nofp\libcr_newlib_semihost.a(_cr_sbrk.o)
                0x1ffff124                __end_of_heap
 .bss.initialized.5735
                0x1ffff128        0x4 c:/nxp/mcuxpressoide_11.1.0_3209/ide/plugins/com.nxp.mcuxpresso.tools.win32_11.1.0.201909161352/tools/bin/../lib/gcc/arm-none-eabi/8.3.1/../../../../arm-none-eabi/lib/thumb/v6-m/nofp\libcr_newlib_semihost.a(syscalls.o)
 .bss.monitor_stderr
                0x1ffff12c        0x4 c:/nxp/mcuxpressoide_11.1.0_3209/ide/plugins/com.nxp.mcuxpresso.tools.win32_11.1.0.201909161352/tools/bin/../lib/gcc/arm-none-eabi/8.3.1/../../../../arm-none-eabi/lib/thumb/v6-m/nofp\libcr_newlib_semihost.a(syscalls.o)
 .bss.monitor_stdin
                0x1ffff130        0x4 c:/nxp/mcuxpressoide_11.1.0_3209/ide/plugins/com.nxp.mcuxpresso.tools.win32_11.1.0.201909161352/tools/bin/../lib/gcc/arm-none-eabi/8.3.1/../../../../arm-none-eabi/lib/thumb/v6-m/nofp\libcr_newlib_semihost.a(syscalls.o)
 .bss.monitor_stdout
                0x1ffff134        0x4 c:/nxp/mcuxpressoide_11.1.0_3209/ide/plugins/com.nxp.mcuxpresso.tools.win32_11.1.0.201909161352/tools/bin/../lib/gcc/arm-none-eabi/8.3.1/../../../../arm-none-eabi/lib/thumb/v6-m/nofp\libcr_newlib_semihost.a(syscalls.o)
 .bss.openfiles
                0x1ffff138       0x28 c:/nxp/mcuxpressoide_11.1.0_3209/ide/plugins/com.nxp.mcuxpresso.tools.win32_11.1.0.201909161352/tools/bin/../lib/gcc/arm-none-eabi/8.3.1/../../../../arm-none-eabi/lib/thumb/v6-m/nofp\libcr_newlib_semihost.a(syscalls.o)
 .bss           0x1ffff160       0x1c c:/nxp/mcuxpressoide_11.1.0_3209/ide/plugins/com.nxp.mcuxpresso.tools.win32_11.1.0.201909161352/tools/bin/../lib/gcc/arm-none-eabi/8.3.1/thumb/v6-m/nofp\crtbegin.o
 *(SORT_BY_ALIGNMENT(COMMON))
 COMMON         0x1ffff17c        0x4 c:/nxp/mcuxpressoide_11.1.0_3209/ide/plugins/com.nxp.mcuxpresso.tools.win32_11.1.0.201909161352/tools/bin/../lib/gcc/arm-none-eabi/8.3.1/../../../../arm-none-eabi/lib/thumb/v6-m/nofp\libc_nano.a(lib_a-reent.o)
                0x1ffff17c                errno
 COMMON         0x1ffff180        0x9 c:/nxp/mcuxpressoide_11.1.0_3209/ide/plugins/com.nxp.mcuxpresso.tools.win32_11.1.0.201909161352/tools/bin/../lib/gcc/arm-none-eabi/8.3.1/../../../../arm-none-eabi/lib/thumb/v6-m/nofp\libc_nano.a(lib_a-lock.o)
                0x1ffff180                __lock___atexit_recursive_mutex
                0x1ffff181                __lock___arc4random_mutex
                0x1ffff182                __lock___env_recursive_mutex
                0x1ffff183                __lock___sinit_recursive_mutex
                0x1ffff184                __lock___malloc_recursive_mutex
                0x1ffff185                __lock___at_quick_exit_mutex
                0x1ffff186                __lock___dd_hash_mutex
                0x1ffff187                __lock___tz_mutex
                0x1ffff188                __lock___sfp_recursive_mutex
                0x1ffff18c                . = ALIGN (0x4)
 *fill*         0x1ffff189        0x3 
                0x1ffff18c                _ebss = .
                [!provide]                PROVIDE (__end_bss_RAM = .)
                [!provide]                PROVIDE (__end_bss_SRAM = .)
                [!provide]                PROVIDE (end = .)

.noinit         0x1ffff18c        0x0
                0x1ffff18c                _noinit = .
                [!provide]                PROVIDE (__start_noinit_RAM = .)
                [!provide]                PROVIDE (__start_noinit_SRAM = .)
 *(SORT_BY_ALIGNMENT(.noinit*))
                0x1ffff18c                . = ALIGN (0x4)
                0x1ffff18c                _end_noinit = .
                [!provide]                PROVIDE (__end_noinit_RAM = .)
                [!provide]                PROVIDE (__end_noinit_SRAM = .)
                0x00000400                _HeapSize = 0x400

.heap           0x1ffff18c      0x400
                0x1ffff18c                _pvHeapStart = .
                0x1ffff58c                . = (. + _HeapSize)
 *fill*         0x1ffff18c      0x400 
                0x1ffff58c                . = ALIGN (0x4)
                0x1ffff58c                _pvHeapLimit = .
                0x00000400                _StackSize = 0x400

.heap2stackfill
                0x1ffff58c      0x400
                0x1ffff98c                . = (. + _StackSize)
 *fill*         0x1ffff58c      0x400 

.stack          0x20002c00        0x0
                0x20002c00                _vStackBase = .
                0x20002c00                . = ALIGN (0x4)
                0x20003000                _vStackTop = (. + _StackSize)
                0x00000000                _image_start = LOADADDR (.text)
                0x00003184                _image_end = (LOADADDR (.data) + SIZEOF (.data))
                0x00003184                _image_size = (_image_end - _image_start)
OUTPUT(GPIO Port.axf elf32-littlearm)

.debug_info     0x00000000     0xc8a1
 .debug_info    0x00000000     0x120f ./utilities/fsl_debug_console.o
 .debug_info    0x0000120f      0x4e2 ./startup/startup_mkl25z4.o
 .debug_info    0x000016f1      0xcac ./source/main.o
 .debug_info    0x0000239d       0x53 ./source/mtb.o
 .debug_info    0x000023f0       0x3c ./source/semihost_hardfault.o
 .debug_info    0x0000242c     0x2414 ./drivers/fsl_clock.o
 .debug_info    0x00004840      0xceb ./drivers/fsl_common.o
 .debug_info    0x0000552b     0x1f30 ./drivers/fsl_lpsci.o
 .debug_info    0x0000745b     0x1ead ./drivers/fsl_uart.o
 .debug_info    0x00009308      0xf83 ./board/board.o
 .debug_info    0x0000a28b     0x1389 ./board/clock_config.o
 .debug_info    0x0000b614       0x3c ./board/peripherals.o
 .debug_info    0x0000b650      0xe2c ./board/pin_mux.o
 .debug_info    0x0000c47c      0x425 ./CMSIS/system_MKL25Z4.o

.debug_abbrev   0x00000000     0x1fb2
 .debug_abbrev  0x00000000      0x2ee ./utilities/fsl_debug_console.o
 .debug_abbrev  0x000002ee      0x183 ./startup/startup_mkl25z4.o
 .debug_abbrev  0x00000471      0x21c ./source/main.o
 .debug_abbrev  0x0000068d       0x46 ./source/mtb.o
 .debug_abbrev  0x000006d3       0x31 ./source/semihost_hardfault.o
 .debug_abbrev  0x00000704      0x439 ./drivers/fsl_clock.o
 .debug_abbrev  0x00000b3d      0x37c ./drivers/fsl_common.o
 .debug_abbrev  0x00000eb9      0x3c5 ./drivers/fsl_lpsci.o
 .debug_abbrev  0x0000127e      0x3df ./drivers/fsl_uart.o
 .debug_abbrev  0x0000165d      0x25c ./board/board.o
 .debug_abbrev  0x000018b9      0x2f7 ./board/clock_config.o
 .debug_abbrev  0x00001bb0       0x31 ./board/peripherals.o
 .debug_abbrev  0x00001be1      0x2a3 ./board/pin_mux.o
 .debug_abbrev  0x00001e84      0x12e ./CMSIS/system_MKL25Z4.o

.debug_aranges  0x00000000      0x768
 .debug_aranges
                0x00000000       0x58 ./utilities/fsl_debug_console.o
 .debug_aranges
                0x00000058      0x160 ./startup/startup_mkl25z4.o
 .debug_aranges
                0x000001b8       0x20 ./source/main.o
 .debug_aranges
                0x000001d8       0x18 ./source/mtb.o
 .debug_aranges
                0x000001f0       0x20 ./source/semihost_hardfault.o
 .debug_aranges
                0x00000210      0x1d8 ./drivers/fsl_clock.o
 .debug_aranges
                0x000003e8       0x38 ./drivers/fsl_common.o
 .debug_aranges
                0x00000420      0x118 ./drivers/fsl_lpsci.o
 .debug_aranges
                0x00000538      0x130 ./drivers/fsl_uart.o
 .debug_aranges
                0x00000668       0x28 ./board/board.o
 .debug_aranges
                0x00000690       0x58 ./board/clock_config.o
 .debug_aranges
                0x000006e8       0x20 ./board/peripherals.o
 .debug_aranges
                0x00000708       0x38 ./board/pin_mux.o
 .debug_aranges
                0x00000740       0x28 ./CMSIS/system_MKL25Z4.o

.debug_ranges   0x00000000      0x680
 .debug_ranges  0x00000000       0x48 ./utilities/fsl_debug_console.o
 .debug_ranges  0x00000048      0x150 ./startup/startup_mkl25z4.o
 .debug_ranges  0x00000198       0x10 ./source/main.o
 .debug_ranges  0x000001a8       0x10 ./source/semihost_hardfault.o
 .debug_ranges  0x000001b8      0x1c8 ./drivers/fsl_clock.o
 .debug_ranges  0x00000380       0x28 ./drivers/fsl_common.o
 .debug_ranges  0x000003a8      0x108 ./drivers/fsl_lpsci.o
 .debug_ranges  0x000004b0      0x120 ./drivers/fsl_uart.o
 .debug_ranges  0x000005d0       0x18 ./board/board.o
 .debug_ranges  0x000005e8       0x48 ./board/clock_config.o
 .debug_ranges  0x00000630       0x10 ./board/peripherals.o
 .debug_ranges  0x00000640       0x28 ./board/pin_mux.o
 .debug_ranges  0x00000668       0x18 ./CMSIS/system_MKL25Z4.o

.debug_macro    0x00000000     0xb88f
 .debug_macro   0x00000000      0x2d1 ./utilities/fsl_debug_console.o
 .debug_macro   0x000002d1      0xaa2 ./utilities/fsl_debug_console.o
 .debug_macro   0x00000d73       0x58 ./utilities/fsl_debug_console.o
 .debug_macro   0x00000dcb       0x18 ./utilities/fsl_debug_console.o
 .debug_macro   0x00000de3       0x22 ./utilities/fsl_debug_console.o
 .debug_macro   0x00000e05       0x58 ./utilities/fsl_debug_console.o
 .debug_macro   0x00000e5d       0x94 ./utilities/fsl_debug_console.o
 .debug_macro   0x00000ef1       0x35 ./utilities/fsl_debug_console.o
 .debug_macro   0x00000f26       0x34 ./utilities/fsl_debug_console.o
 .debug_macro   0x00000f5a       0x16 ./utilities/fsl_debug_console.o
 .debug_macro   0x00000f70      0x10e ./utilities/fsl_debug_console.o
 .debug_macro   0x0000107e       0x8d ./utilities/fsl_debug_console.o
 .debug_macro   0x0000110b       0x16 ./utilities/fsl_debug_console.o
 .debug_macro   0x00001121       0x43 ./utilities/fsl_debug_console.o
 .debug_macro   0x00001164       0x57 ./utilities/fsl_debug_console.o
 .debug_macro   0x000011bb       0x34 ./utilities/fsl_debug_console.o
 .debug_macro   0x000011ef       0x10 ./utilities/fsl_debug_console.o
 .debug_macro   0x000011ff       0x58 ./utilities/fsl_debug_console.o
 .debug_macro   0x00001257      0x182 ./utilities/fsl_debug_console.o
 .debug_macro   0x000013d9      0x339 ./utilities/fsl_debug_console.o
 .debug_macro   0x00001712       0x16 ./utilities/fsl_debug_console.o
 .debug_macro   0x00001728       0x29 ./utilities/fsl_debug_console.o
 .debug_macro   0x00001751      0x1a9 ./utilities/fsl_debug_console.o
 .debug_macro   0x000018fa       0x1c ./utilities/fsl_debug_console.o
 .debug_macro   0x00001916       0x22 ./utilities/fsl_debug_console.o
 .debug_macro   0x00001938      0x103 ./utilities/fsl_debug_console.o
 .debug_macro   0x00001a3b       0x6a ./utilities/fsl_debug_console.o
 .debug_macro   0x00001aa5      0x1df ./utilities/fsl_debug_console.o
 .debug_macro   0x00001c84       0x16 ./utilities/fsl_debug_console.o
 .debug_macro   0x00001c9a       0x35 ./utilities/fsl_debug_console.o
 .debug_macro   0x00001ccf       0x10 ./utilities/fsl_debug_console.o
 .debug_macro   0x00001cdf       0x3f ./utilities/fsl_debug_console.o
 .debug_macro   0x00001d1e       0x3a ./utilities/fsl_debug_console.o
 .debug_macro   0x00001d58       0x26 ./utilities/fsl_debug_console.o
 .debug_macro   0x00001d7e      0x329 ./utilities/fsl_debug_console.o
 .debug_macro   0x000020a7       0x30 ./utilities/fsl_debug_console.o
 .debug_macro   0x000020d7     0x51e2 ./utilities/fsl_debug_console.o
 .debug_macro   0x000072b9     0x1352 ./utilities/fsl_debug_console.o
 .debug_macro   0x0000860b       0x3a ./utilities/fsl_debug_console.o
 .debug_macro   0x00008645       0xf4 ./utilities/fsl_debug_console.o
 .debug_macro   0x00008739       0x35 ./utilities/fsl_debug_console.o
 .debug_macro   0x0000876e       0x1c ./utilities/fsl_debug_console.o
 .debug_macro   0x0000878a       0x10 ./utilities/fsl_debug_console.o
 .debug_macro   0x0000879a       0x1c ./utilities/fsl_debug_console.o
 .debug_macro   0x000087b6       0x52 ./utilities/fsl_debug_console.o
 .debug_macro   0x00008808       0x40 ./utilities/fsl_debug_console.o
 .debug_macro   0x00008848       0x10 ./utilities/fsl_debug_console.o
 .debug_macro   0x00008858       0x40 ./utilities/fsl_debug_console.o
 .debug_macro   0x00008898       0xd5 ./utilities/fsl_debug_console.o
 .debug_macro   0x0000896d       0x1c ./utilities/fsl_debug_console.o
 .debug_macro   0x00008989       0x3d ./utilities/fsl_debug_console.o
 .debug_macro   0x000089c6       0x16 ./utilities/fsl_debug_console.o
 .debug_macro   0x000089dc      0x16f ./utilities/fsl_debug_console.o
 .debug_macro   0x00008b4b       0x34 ./utilities/fsl_debug_console.o
 .debug_macro   0x00008b7f       0x10 ./utilities/fsl_debug_console.o
 .debug_macro   0x00008b8f       0x10 ./utilities/fsl_debug_console.o
 .debug_macro   0x00008b9f       0x2a ./startup/startup_mkl25z4.o
 .debug_macro   0x00008bc9      0xb7a ./startup/startup_mkl25z4.o
 .debug_macro   0x00009743      0x2ac ./source/main.o
 .debug_macro   0x000099ef       0x16 ./source/main.o
 .debug_macro   0x00009a05       0x97 ./source/main.o
 .debug_macro   0x00009a9c      0x104 ./source/main.o
 .debug_macro   0x00009ba0       0x10 ./source/main.o
 .debug_macro   0x00009bb0      0x137 ./source/main.o
 .debug_macro   0x00009ce7       0x16 ./source/main.o
 .debug_macro   0x00009cfd       0x16 ./source/main.o
 .debug_macro   0x00009d13      0x34e ./source/main.o
 .debug_macro   0x0000a061       0x35 ./source/main.o
 .debug_macro   0x0000a096      0x329 ./source/main.o
 .debug_macro   0x0000a3bf       0x16 ./source/main.o
 .debug_macro   0x0000a3d5       0x10 ./source/main.o
 .debug_macro   0x0000a3e5      0x112 ./source/main.o
 .debug_macro   0x0000a4f7       0x3a ./source/main.o
 .debug_macro   0x0000a531       0x2f ./source/mtb.o
 .debug_macro   0x0000a560       0x82 ./source/mtb.o
 .debug_macro   0x0000a5e2       0x10 ./source/mtb.o
 .debug_macro   0x0000a5f2       0x11 ./source/semihost_hardfault.o
 .debug_macro   0x0000a603      0x268 ./drivers/fsl_clock.o
 .debug_macro   0x0000a86b      0x174 ./drivers/fsl_clock.o
 .debug_macro   0x0000a9df       0x10 ./drivers/fsl_clock.o
 .debug_macro   0x0000a9ef      0x282 ./drivers/fsl_common.o
 .debug_macro   0x0000ac71      0x1be ./drivers/fsl_lpsci.o
 .debug_macro   0x0000ae2f      0x1c4 ./drivers/fsl_uart.o
 .debug_macro   0x0000aff3      0x2ab ./board/board.o
 .debug_macro   0x0000b29e       0x8e ./board/board.o
 .debug_macro   0x0000b32c       0x51 ./board/board.o
 .debug_macro   0x0000b37d       0x5e ./board/board.o
 .debug_macro   0x0000b3db      0x1f5 ./board/clock_config.o
 .debug_macro   0x0000b5d0       0x1b ./board/peripherals.o
 .debug_macro   0x0000b5eb      0x1d9 ./board/pin_mux.o
 .debug_macro   0x0000b7c4       0x10 ./board/pin_mux.o
 .debug_macro   0x0000b7d4       0xbb ./CMSIS/system_MKL25Z4.o

.debug_line     0x00000000     0x61a1
 .debug_line    0x00000000      0x789 ./utilities/fsl_debug_console.o
 .debug_line    0x00000789      0x1ff ./startup/startup_mkl25z4.o
 .debug_line    0x00000988      0x689 ./source/main.o
 .debug_line    0x00001011       0xd6 ./source/mtb.o
 .debug_line    0x000010e7       0x5a ./source/semihost_hardfault.o
 .debug_line    0x00001141     0x14cf ./drivers/fsl_clock.o
 .debug_line    0x00002610      0x6c0 ./drivers/fsl_common.o
 .debug_line    0x00002cd0      0xf50 ./drivers/fsl_lpsci.o
 .debug_line    0x00003c20      0xf3e ./drivers/fsl_uart.o
 .debug_line    0x00004b5e      0x638 ./board/board.o
 .debug_line    0x00005196      0x5d3 ./board/clock_config.o
 .debug_line    0x00005769       0x5c ./board/peripherals.o
 .debug_line    0x000057c5      0x55a ./board/pin_mux.o
 .debug_line    0x00005d1f      0x482 ./CMSIS/system_MKL25Z4.o

.debug_str      0x00000000    0x3a533
 .debug_str     0x00000000    0x34dc8 ./utilities/fsl_debug_console.o
                              0x3525c (size before relaxing)
 .debug_str     0x00034dc8      0x9d0 ./startup/startup_mkl25z4.o
                               0x35c7 (size before relaxing)
 .debug_str     0x00035798     0x17fe ./source/main.o
                              0x3501c (size before relaxing)
 .debug_str     0x00036f96      0x532 ./source/mtb.o
                               0x32ca (size before relaxing)
 .debug_str     0x000374c8       0x1f ./source/semihost_hardfault.o
                               0x2db7 (size before relaxing)
 .debug_str     0x000374e7     0x15b3 ./drivers/fsl_clock.o
                              0x349d7 (size before relaxing)
 .debug_str     0x00038a9a      0x2d6 ./drivers/fsl_common.o
                              0x341f4 (size before relaxing)
 .debug_str     0x00038d70      0x9c9 ./drivers/fsl_lpsci.o
                              0x33fdf (size before relaxing)
 .debug_str     0x00039739      0x832 ./drivers/fsl_uart.o
                              0x34002 (size before relaxing)
 .debug_str     0x00039f6b       0x4c ./board/board.o
                              0x34d52 (size before relaxing)
 .debug_str     0x00039fb7      0x300 ./board/clock_config.o
                              0x338e7 (size before relaxing)
 .debug_str     0x0003a2b7       0x31 ./board/peripherals.o
                               0x2dc8 (size before relaxing)
 .debug_str     0x0003a2e8      0x1fc ./board/pin_mux.o
                              0x3304a (size before relaxing)
 .debug_str     0x0003a4e4       0x4f ./CMSIS/system_MKL25Z4.o
                              0x2f46f (size before relaxing)

.comment        0x00000000       0x76
 .comment       0x00000000       0x76 ./utilities/fsl_debug_console.o
                                 0x77 (size before relaxing)
 .comment       0x00000076       0x77 ./startup/startup_mkl25z4.o
 .comment       0x00000076       0x77 ./source/main.o
 .comment       0x00000076       0x77 ./source/mtb.o
 .comment       0x00000076       0x77 ./source/semihost_hardfault.o
 .comment       0x00000076       0x77 ./drivers/fsl_clock.o
 .comment       0x00000076       0x77 ./drivers/fsl_common.o
 .comment       0x00000076       0x77 ./drivers/fsl_lpsci.o
 .comment       0x00000076       0x77 ./drivers/fsl_uart.o
 .comment       0x00000076       0x77 ./board/board.o
 .comment       0x00000076       0x77 ./board/clock_config.o
 .comment       0x00000076       0x77 ./board/peripherals.o
 .comment       0x00000076       0x77 ./board/pin_mux.o
 .comment       0x00000076       0x77 ./CMSIS/system_MKL25Z4.o
 .comment       0x00000076       0x77 c:/nxp/mcuxpressoide_11.1.0_3209/ide/plugins/com.nxp.mcuxpresso.tools.win32_11.1.0.201909161352/tools/bin/../lib/gcc/arm-none-eabi/8.3.1/../../../../arm-none-eabi/lib/thumb/v6-m/nofp\libcr_newlib_semihost.a(_cr_sbrk.o)
 .comment       0x00000076       0x77 c:/nxp/mcuxpressoide_11.1.0_3209/ide/plugins/com.nxp.mcuxpresso.tools.win32_11.1.0.201909161352/tools/bin/../lib/gcc/arm-none-eabi/8.3.1/../../../../arm-none-eabi/lib/thumb/v6-m/nofp\libcr_newlib_semihost.a(syscalls.o)
 .comment       0x00000076       0x77 c:/nxp/mcuxpressoide_11.1.0_3209/ide/plugins/com.nxp.mcuxpresso.tools.win32_11.1.0.201909161352/tools/bin/../lib/gcc/arm-none-eabi/8.3.1/../../../../arm-none-eabi/lib/thumb/v6-m/nofp\libcr_newlib_semihost.a(_cr_check_heap.o)

.ARM.attributes
                0x00000000       0x2a
 .ARM.attributes
                0x00000000       0x2c ./utilities/fsl_debug_console.o
 .ARM.attributes
                0x0000002c       0x2c ./startup/startup_mkl25z4.o
 .ARM.attributes
                0x00000058       0x2c ./source/main.o
 .ARM.attributes
                0x00000084       0x32 ./source/mtb.o
 .ARM.attributes
                0x000000b6       0x2c ./source/semihost_hardfault.o
 .ARM.attributes
                0x000000e2       0x2c ./drivers/fsl_clock.o
 .ARM.attributes
                0x0000010e       0x2c ./drivers/fsl_common.o
 .ARM.attributes
                0x0000013a       0x2c ./drivers/fsl_lpsci.o
 .ARM.attributes
                0x00000166       0x2c ./drivers/fsl_uart.o
 .ARM.attributes
                0x00000192       0x2c ./board/board.o
 .ARM.attributes
                0x000001be       0x2c ./board/clock_config.o
 .ARM.attributes
                0x000001ea       0x2c ./board/peripherals.o
 .ARM.attributes
                0x00000216       0x2c ./board/pin_mux.o
 .ARM.attributes
                0x00000242       0x2c ./CMSIS/system_MKL25Z4.o
 .ARM.attributes
                0x0000026e       0x1e c:/nxp/mcuxpressoide_11.1.0_3209/ide/plugins/com.nxp.mcuxpresso.tools.win32_11.1.0.201909161352/tools/bin/../lib/gcc/arm-none-eabi/8.3.1/thumb/v6-m/nofp\libgcc.a(_udivsi3.o)
 .ARM.attributes
                0x0000028c       0x1e c:/nxp/mcuxpressoide_11.1.0_3209/ide/plugins/com.nxp.mcuxpresso.tools.win32_11.1.0.201909161352/tools/bin/../lib/gcc/arm-none-eabi/8.3.1/thumb/v6-m/nofp\libgcc.a(_dvmd_tls.o)
 .ARM.attributes
                0x000002aa       0x2c c:/nxp/mcuxpressoide_11.1.0_3209/ide/plugins/com.nxp.mcuxpresso.tools.win32_11.1.0.201909161352/tools/bin/../lib/gcc/arm-none-eabi/8.3.1/../../../../arm-none-eabi/lib/thumb/v6-m/nofp\libc_nano.a(lib_a-init.o)
 .ARM.attributes
                0x000002d6       0x2c c:/nxp/mcuxpressoide_11.1.0_3209/ide/plugins/com.nxp.mcuxpresso.tools.win32_11.1.0.201909161352/tools/bin/../lib/gcc/arm-none-eabi/8.3.1/../../../../arm-none-eabi/lib/thumb/v6-m/nofp\libc_nano.a(lib_a-memset.o)
 .ARM.attributes
                0x00000302       0x2c c:/nxp/mcuxpressoide_11.1.0_3209/ide/plugins/com.nxp.mcuxpresso.tools.win32_11.1.0.201909161352/tools/bin/../lib/gcc/arm-none-eabi/8.3.1/../../../../arm-none-eabi/lib/thumb/v6-m/nofp\libc_nano.a(lib_a-nano-freer.o)
 .ARM.attributes
                0x0000032e       0x2c c:/nxp/mcuxpressoide_11.1.0_3209/ide/plugins/com.nxp.mcuxpresso.tools.win32_11.1.0.201909161352/tools/bin/../lib/gcc/arm-none-eabi/8.3.1/../../../../arm-none-eabi/lib/thumb/v6-m/nofp\libc_nano.a(lib_a-nano-mallocr.o)
 .ARM.attributes
                0x0000035a       0x2c c:/nxp/mcuxpressoide_11.1.0_3209/ide/plugins/com.nxp.mcuxpresso.tools.win32_11.1.0.201909161352/tools/bin/../lib/gcc/arm-none-eabi/8.3.1/../../../../arm-none-eabi/lib/thumb/v6-m/nofp\libc_nano.a(lib_a-printf.o)
 .ARM.attributes
                0x00000386       0x2c c:/nxp/mcuxpressoide_11.1.0_3209/ide/plugins/com.nxp.mcuxpresso.tools.win32_11.1.0.201909161352/tools/bin/../lib/gcc/arm-none-eabi/8.3.1/../../../../arm-none-eabi/lib/thumb/v6-m/nofp\libc_nano.a(lib_a-sbrkr.o)
 .ARM.attributes
                0x000003b2       0x2c c:/nxp/mcuxpressoide_11.1.0_3209/ide/plugins/com.nxp.mcuxpresso.tools.win32_11.1.0.201909161352/tools/bin/../lib/gcc/arm-none-eabi/8.3.1/../../../../arm-none-eabi/lib/thumb/v6-m/nofp\libc_nano.a(lib_a-findfp.o)
 .ARM.attributes
                0x000003de       0x2c c:/nxp/mcuxpressoide_11.1.0_3209/ide/plugins/com.nxp.mcuxpresso.tools.win32_11.1.0.201909161352/tools/bin/../lib/gcc/arm-none-eabi/8.3.1/../../../../arm-none-eabi/lib/thumb/v6-m/nofp\libc_nano.a(lib_a-fwalk.o)
 .ARM.attributes
                0x0000040a       0x2c c:/nxp/mcuxpressoide_11.1.0_3209/ide/plugins/com.nxp.mcuxpresso.tools.win32_11.1.0.201909161352/tools/bin/../lib/gcc/arm-none-eabi/8.3.1/../../../../arm-none-eabi/lib/thumb/v6-m/nofp\libc_nano.a(lib_a-impure.o)
 .ARM.attributes
                0x00000436       0x2c c:/nxp/mcuxpressoide_11.1.0_3209/ide/plugins/com.nxp.mcuxpresso.tools.win32_11.1.0.201909161352/tools/bin/../lib/gcc/arm-none-eabi/8.3.1/../../../../arm-none-eabi/lib/thumb/v6-m/nofp\libc_nano.a(lib_a-lock.o)
 .ARM.attributes
                0x00000462       0x2c c:/nxp/mcuxpressoide_11.1.0_3209/ide/plugins/com.nxp.mcuxpresso.tools.win32_11.1.0.201909161352/tools/bin/../lib/gcc/arm-none-eabi/8.3.1/../../../../arm-none-eabi/lib/thumb/v6-m/nofp\libc_nano.a(lib_a-mlock.o)
 .ARM.attributes
                0x0000048e       0x2c c:/nxp/mcuxpressoide_11.1.0_3209/ide/plugins/com.nxp.mcuxpresso.tools.win32_11.1.0.201909161352/tools/bin/../lib/gcc/arm-none-eabi/8.3.1/../../../../arm-none-eabi/lib/thumb/v6-m/nofp\libc_nano.a(lib_a-nano-vfprintf.o)
 .ARM.attributes
                0x000004ba       0x2c c:/nxp/mcuxpressoide_11.1.0_3209/ide/plugins/com.nxp.mcuxpresso.tools.win32_11.1.0.201909161352/tools/bin/../lib/gcc/arm-none-eabi/8.3.1/../../../../arm-none-eabi/lib/thumb/v6-m/nofp\libc_nano.a(lib_a-nano-vfprintf_i.o)
 .ARM.attributes
                0x000004e6       0x2c c:/nxp/mcuxpressoide_11.1.0_3209/ide/plugins/com.nxp.mcuxpresso.tools.win32_11.1.0.201909161352/tools/bin/../lib/gcc/arm-none-eabi/8.3.1/../../../../arm-none-eabi/lib/thumb/v6-m/nofp\libc_nano.a(lib_a-reent.o)
 .ARM.attributes
                0x00000512       0x2c c:/nxp/mcuxpressoide_11.1.0_3209/ide/plugins/com.nxp.mcuxpresso.tools.win32_11.1.0.201909161352/tools/bin/../lib/gcc/arm-none-eabi/8.3.1/../../../../arm-none-eabi/lib/thumb/v6-m/nofp\libc_nano.a(lib_a-stdio.o)
 .ARM.attributes
                0x0000053e       0x2c c:/nxp/mcuxpressoide_11.1.0_3209/ide/plugins/com.nxp.mcuxpresso.tools.win32_11.1.0.201909161352/tools/bin/../lib/gcc/arm-none-eabi/8.3.1/../../../../arm-none-eabi/lib/thumb/v6-m/nofp\libc_nano.a(lib_a-wbuf.o)
 .ARM.attributes
                0x0000056a       0x2c c:/nxp/mcuxpressoide_11.1.0_3209/ide/plugins/com.nxp.mcuxpresso.tools.win32_11.1.0.201909161352/tools/bin/../lib/gcc/arm-none-eabi/8.3.1/../../../../arm-none-eabi/lib/thumb/v6-m/nofp\libc_nano.a(lib_a-writer.o)
 .ARM.attributes
                0x00000596       0x2c c:/nxp/mcuxpressoide_11.1.0_3209/ide/plugins/com.nxp.mcuxpresso.tools.win32_11.1.0.201909161352/tools/bin/../lib/gcc/arm-none-eabi/8.3.1/../../../../arm-none-eabi/lib/thumb/v6-m/nofp\libc_nano.a(lib_a-wsetup.o)
 .ARM.attributes
                0x000005c2       0x2c c:/nxp/mcuxpressoide_11.1.0_3209/ide/plugins/com.nxp.mcuxpresso.tools.win32_11.1.0.201909161352/tools/bin/../lib/gcc/arm-none-eabi/8.3.1/../../../../arm-none-eabi/lib/thumb/v6-m/nofp\libc_nano.a(lib_a-closer.o)
 .ARM.attributes
                0x000005ee       0x2c c:/nxp/mcuxpressoide_11.1.0_3209/ide/plugins/com.nxp.mcuxpresso.tools.win32_11.1.0.201909161352/tools/bin/../lib/gcc/arm-none-eabi/8.3.1/../../../../arm-none-eabi/lib/thumb/v6-m/nofp\libc_nano.a(lib_a-fflush.o)
 .ARM.attributes
                0x0000061a       0x2c c:/nxp/mcuxpressoide_11.1.0_3209/ide/plugins/com.nxp.mcuxpresso.tools.win32_11.1.0.201909161352/tools/bin/../lib/gcc/arm-none-eabi/8.3.1/../../../../arm-none-eabi/lib/thumb/v6-m/nofp\libc_nano.a(lib_a-lseekr.o)
 .ARM.attributes
                0x00000646       0x2c c:/nxp/mcuxpressoide_11.1.0_3209/ide/plugins/com.nxp.mcuxpresso.tools.win32_11.1.0.201909161352/tools/bin/../lib/gcc/arm-none-eabi/8.3.1/../../../../arm-none-eabi/lib/thumb/v6-m/nofp\libc_nano.a(lib_a-makebuf.o)
 .ARM.attributes
                0x00000672       0x2c c:/nxp/mcuxpressoide_11.1.0_3209/ide/plugins/com.nxp.mcuxpresso.tools.win32_11.1.0.201909161352/tools/bin/../lib/gcc/arm-none-eabi/8.3.1/../../../../arm-none-eabi/lib/thumb/v6-m/nofp\libc_nano.a(lib_a-memchr-stub.o)
 .ARM.attributes
                0x0000069e       0x2c c:/nxp/mcuxpressoide_11.1.0_3209/ide/plugins/com.nxp.mcuxpresso.tools.win32_11.1.0.201909161352/tools/bin/../lib/gcc/arm-none-eabi/8.3.1/../../../../arm-none-eabi/lib/thumb/v6-m/nofp\libc_nano.a(lib_a-readr.o)
 .ARM.attributes
                0x000006ca       0x2c c:/nxp/mcuxpressoide_11.1.0_3209/ide/plugins/com.nxp.mcuxpresso.tools.win32_11.1.0.201909161352/tools/bin/../lib/gcc/arm-none-eabi/8.3.1/../../../../arm-none-eabi/lib/thumb/v6-m/nofp\libc_nano.a(lib_a-fstatr.o)
 .ARM.attributes
                0x000006f6       0x2c c:/nxp/mcuxpressoide_11.1.0_3209/ide/plugins/com.nxp.mcuxpresso.tools.win32_11.1.0.201909161352/tools/bin/../lib/gcc/arm-none-eabi/8.3.1/../../../../arm-none-eabi/lib/thumb/v6-m/nofp\libc_nano.a(lib_a-isattyr.o)
 .ARM.attributes
                0x00000722       0x2c c:/nxp/mcuxpressoide_11.1.0_3209/ide/plugins/com.nxp.mcuxpresso.tools.win32_11.1.0.201909161352/tools/bin/../lib/gcc/arm-none-eabi/8.3.1/../../../../arm-none-eabi/lib/thumb/v6-m/nofp\libcr_newlib_semihost.a(_cr_sbrk.o)
 .ARM.attributes
                0x0000074e       0x2c c:/nxp/mcuxpressoide_11.1.0_3209/ide/plugins/com.nxp.mcuxpresso.tools.win32_11.1.0.201909161352/tools/bin/../lib/gcc/arm-none-eabi/8.3.1/../../../../arm-none-eabi/lib/thumb/v6-m/nofp\libcr_newlib_semihost.a(syscalls.o)
 .ARM.attributes
                0x0000077a       0x2c c:/nxp/mcuxpressoide_11.1.0_3209/ide/plugins/com.nxp.mcuxpresso.tools.win32_11.1.0.201909161352/tools/bin/../lib/gcc/arm-none-eabi/8.3.1/../../../../arm-none-eabi/lib/thumb/v6-m/nofp\libcr_newlib_semihost.a(_cr_check_heap.o)
 .ARM.attributes
                0x000007a6       0x1e c:/nxp/mcuxpressoide_11.1.0_3209/ide/plugins/com.nxp.mcuxpresso.tools.win32_11.1.0.201909161352/tools/bin/../lib/gcc/arm-none-eabi/8.3.1/thumb/v6-m/nofp\crti.o
 .ARM.attributes
                0x000007c4       0x1e c:/nxp/mcuxpressoide_11.1.0_3209/ide/plugins/com.nxp.mcuxpresso.tools.win32_11.1.0.201909161352/tools/bin/../lib/gcc/arm-none-eabi/8.3.1/thumb/v6-m/nofp\crtn.o
 .ARM.attributes
                0x000007e2       0x2c c:/nxp/mcuxpressoide_11.1.0_3209/ide/plugins/com.nxp.mcuxpresso.tools.win32_11.1.0.201909161352/tools/bin/../lib/gcc/arm-none-eabi/8.3.1/thumb/v6-m/nofp\crtbegin.o
 .ARM.attributes
                0x0000080e       0x2c c:/nxp/mcuxpressoide_11.1.0_3209/ide/plugins/com.nxp.mcuxpresso.tools.win32_11.1.0.201909161352/tools/bin/../lib/gcc/arm-none-eabi/8.3.1/../../../../arm-none-eabi/lib/thumb/v6-m/nofp\libc_nano.a(lib_a-errno.o)

.debug_frame    0x00000000     0x1f88
 .debug_frame   0x00000000      0x10c ./utilities/fsl_debug_console.o
 .debug_frame   0x0000010c      0x3b0 ./startup/startup_mkl25z4.o
 .debug_frame   0x000004bc       0x2c ./source/main.o
 .debug_frame   0x000004e8       0x20 ./source/semihost_hardfault.o
 .debug_frame   0x00000508      0x6e4 ./drivers/fsl_clock.o
 .debug_frame   0x00000bec       0x90 ./drivers/fsl_common.o
 .debug_frame   0x00000c7c      0x418 ./drivers/fsl_lpsci.o
 .debug_frame   0x00001094      0x468 ./drivers/fsl_uart.o
 .debug_frame   0x000014fc       0x50 ./board/board.o
 .debug_frame   0x0000154c      0x100 ./board/clock_config.o
 .debug_frame   0x0000164c       0x2c ./board/peripherals.o
 .debug_frame   0x00001678       0x88 ./board/pin_mux.o
 .debug_frame   0x00001700       0x4c ./CMSIS/system_MKL25Z4.o
 .debug_frame   0x0000174c       0x20 c:/nxp/mcuxpressoide_11.1.0_3209/ide/plugins/com.nxp.mcuxpresso.tools.win32_11.1.0.201909161352/tools/bin/../lib/gcc/arm-none-eabi/8.3.1/thumb/v6-m/nofp\libgcc.a(_udivsi3.o)
 .debug_frame   0x0000176c       0x2c c:/nxp/mcuxpressoide_11.1.0_3209/ide/plugins/com.nxp.mcuxpresso.tools.win32_11.1.0.201909161352/tools/bin/../lib/gcc/arm-none-eabi/8.3.1/../../../../arm-none-eabi/lib/thumb/v6-m/nofp\libc_nano.a(lib_a-init.o)
 .debug_frame   0x00001798       0x20 c:/nxp/mcuxpressoide_11.1.0_3209/ide/plugins/com.nxp.mcuxpresso.tools.win32_11.1.0.201909161352/tools/bin/../lib/gcc/arm-none-eabi/8.3.1/../../../../arm-none-eabi/lib/thumb/v6-m/nofp\libc_nano.a(lib_a-memset.o)
 .debug_frame   0x000017b8       0x2c c:/nxp/mcuxpressoide_11.1.0_3209/ide/plugins/com.nxp.mcuxpresso.tools.win32_11.1.0.201909161352/tools/bin/../lib/gcc/arm-none-eabi/8.3.1/../../../../arm-none-eabi/lib/thumb/v6-m/nofp\libc_nano.a(lib_a-nano-freer.o)
 .debug_frame   0x000017e4       0x30 c:/nxp/mcuxpressoide_11.1.0_3209/ide/plugins/com.nxp.mcuxpresso.tools.win32_11.1.0.201909161352/tools/bin/../lib/gcc/arm-none-eabi/8.3.1/../../../../arm-none-eabi/lib/thumb/v6-m/nofp\libc_nano.a(lib_a-nano-mallocr.o)
 .debug_frame   0x00001814       0x50 c:/nxp/mcuxpressoide_11.1.0_3209/ide/plugins/com.nxp.mcuxpresso.tools.win32_11.1.0.201909161352/tools/bin/../lib/gcc/arm-none-eabi/8.3.1/../../../../arm-none-eabi/lib/thumb/v6-m/nofp\libc_nano.a(lib_a-printf.o)
 .debug_frame   0x00001864       0x2c c:/nxp/mcuxpressoide_11.1.0_3209/ide/plugins/com.nxp.mcuxpresso.tools.win32_11.1.0.201909161352/tools/bin/../lib/gcc/arm-none-eabi/8.3.1/../../../../arm-none-eabi/lib/thumb/v6-m/nofp\libc_nano.a(lib_a-sbrkr.o)
 .debug_frame   0x00001890      0x170 c:/nxp/mcuxpressoide_11.1.0_3209/ide/plugins/com.nxp.mcuxpresso.tools.win32_11.1.0.201909161352/tools/bin/../lib/gcc/arm-none-eabi/8.3.1/../../../../arm-none-eabi/lib/thumb/v6-m/nofp\libc_nano.a(lib_a-findfp.o)
 .debug_frame   0x00001a00       0x58 c:/nxp/mcuxpressoide_11.1.0_3209/ide/plugins/com.nxp.mcuxpresso.tools.win32_11.1.0.201909161352/tools/bin/../lib/gcc/arm-none-eabi/8.3.1/../../../../arm-none-eabi/lib/thumb/v6-m/nofp\libc_nano.a(lib_a-fwalk.o)
 .debug_frame   0x00001a58       0xb0 c:/nxp/mcuxpressoide_11.1.0_3209/ide/plugins/com.nxp.mcuxpresso.tools.win32_11.1.0.201909161352/tools/bin/../lib/gcc/arm-none-eabi/8.3.1/../../../../arm-none-eabi/lib/thumb/v6-m/nofp\libc_nano.a(lib_a-lock.o)
 .debug_frame   0x00001b08       0x40 c:/nxp/mcuxpressoide_11.1.0_3209/ide/plugins/com.nxp.mcuxpresso.tools.win32_11.1.0.201909161352/tools/bin/../lib/gcc/arm-none-eabi/8.3.1/../../../../arm-none-eabi/lib/thumb/v6-m/nofp\libc_nano.a(lib_a-mlock.o)
 .debug_frame   0x00001b48       0x9c c:/nxp/mcuxpressoide_11.1.0_3209/ide/plugins/com.nxp.mcuxpresso.tools.win32_11.1.0.201909161352/tools/bin/../lib/gcc/arm-none-eabi/8.3.1/../../../../arm-none-eabi/lib/thumb/v6-m/nofp\libc_nano.a(lib_a-nano-vfprintf.o)
 .debug_frame   0x00001be4       0x54 c:/nxp/mcuxpressoide_11.1.0_3209/ide/plugins/com.nxp.mcuxpresso.tools.win32_11.1.0.201909161352/tools/bin/../lib/gcc/arm-none-eabi/8.3.1/../../../../arm-none-eabi/lib/thumb/v6-m/nofp\libc_nano.a(lib_a-nano-vfprintf_i.o)
 .debug_frame   0x00001c38       0x48 c:/nxp/mcuxpressoide_11.1.0_3209/ide/plugins/com.nxp.mcuxpresso.tools.win32_11.1.0.201909161352/tools/bin/../lib/gcc/arm-none-eabi/8.3.1/../../../../arm-none-eabi/lib/thumb/v6-m/nofp\libc_nano.a(lib_a-reent.o)
 .debug_frame   0x00001c80       0x90 c:/nxp/mcuxpressoide_11.1.0_3209/ide/plugins/com.nxp.mcuxpresso.tools.win32_11.1.0.201909161352/tools/bin/../lib/gcc/arm-none-eabi/8.3.1/../../../../arm-none-eabi/lib/thumb/v6-m/nofp\libc_nano.a(lib_a-stdio.o)
 .debug_frame   0x00001d10       0x48 c:/nxp/mcuxpressoide_11.1.0_3209/ide/plugins/com.nxp.mcuxpresso.tools.win32_11.1.0.201909161352/tools/bin/../lib/gcc/arm-none-eabi/8.3.1/../../../../arm-none-eabi/lib/thumb/v6-m/nofp\libc_nano.a(lib_a-wbuf.o)
 .debug_frame   0x00001d58       0x2c c:/nxp/mcuxpressoide_11.1.0_3209/ide/plugins/com.nxp.mcuxpresso.tools.win32_11.1.0.201909161352/tools/bin/../lib/gcc/arm-none-eabi/8.3.1/../../../../arm-none-eabi/lib/thumb/v6-m/nofp\libc_nano.a(lib_a-writer.o)
 .debug_frame   0x00001d84       0x2c c:/nxp/mcuxpressoide_11.1.0_3209/ide/plugins/com.nxp.mcuxpresso.tools.win32_11.1.0.201909161352/tools/bin/../lib/gcc/arm-none-eabi/8.3.1/../../../../arm-none-eabi/lib/thumb/v6-m/nofp\libc_nano.a(lib_a-wsetup.o)
 .debug_frame   0x00001db0       0x2c c:/nxp/mcuxpressoide_11.1.0_3209/ide/plugins/com.nxp.mcuxpresso.tools.win32_11.1.0.201909161352/tools/bin/../lib/gcc/arm-none-eabi/8.3.1/../../../../arm-none-eabi/lib/thumb/v6-m/nofp\libc_nano.a(lib_a-closer.o)
 .debug_frame   0x00001ddc       0x68 c:/nxp/mcuxpressoide_11.1.0_3209/ide/plugins/com.nxp.mcuxpresso.tools.win32_11.1.0.201909161352/tools/bin/../lib/gcc/arm-none-eabi/8.3.1/../../../../arm-none-eabi/lib/thumb/v6-m/nofp\libc_nano.a(lib_a-fflush.o)
 .debug_frame   0x00001e44       0x2c c:/nxp/mcuxpressoide_11.1.0_3209/ide/plugins/com.nxp.mcuxpresso.tools.win32_11.1.0.201909161352/tools/bin/../lib/gcc/arm-none-eabi/8.3.1/../../../../arm-none-eabi/lib/thumb/v6-m/nofp\libc_nano.a(lib_a-lseekr.o)
 .debug_frame   0x00001e70       0x54 c:/nxp/mcuxpressoide_11.1.0_3209/ide/plugins/com.nxp.mcuxpresso.tools.win32_11.1.0.201909161352/tools/bin/../lib/gcc/arm-none-eabi/8.3.1/../../../../arm-none-eabi/lib/thumb/v6-m/nofp\libc_nano.a(lib_a-makebuf.o)
 .debug_frame   0x00001ec4       0x20 c:/nxp/mcuxpressoide_11.1.0_3209/ide/plugins/com.nxp.mcuxpresso.tools.win32_11.1.0.201909161352/tools/bin/../lib/gcc/arm-none-eabi/8.3.1/../../../../arm-none-eabi/lib/thumb/v6-m/nofp\libc_nano.a(lib_a-memchr-stub.o)
 .debug_frame   0x00001ee4       0x2c c:/nxp/mcuxpressoide_11.1.0_3209/ide/plugins/com.nxp.mcuxpresso.tools.win32_11.1.0.201909161352/tools/bin/../lib/gcc/arm-none-eabi/8.3.1/../../../../arm-none-eabi/lib/thumb/v6-m/nofp\libc_nano.a(lib_a-readr.o)
 .debug_frame   0x00001f10       0x2c c:/nxp/mcuxpressoide_11.1.0_3209/ide/plugins/com.nxp.mcuxpresso.tools.win32_11.1.0.201909161352/tools/bin/../lib/gcc/arm-none-eabi/8.3.1/../../../../arm-none-eabi/lib/thumb/v6-m/nofp\libc_nano.a(lib_a-fstatr.o)
 .debug_frame   0x00001f3c       0x2c c:/nxp/mcuxpressoide_11.1.0_3209/ide/plugins/com.nxp.mcuxpresso.tools.win32_11.1.0.201909161352/tools/bin/../lib/gcc/arm-none-eabi/8.3.1/../../../../arm-none-eabi/lib/thumb/v6-m/nofp\libc_nano.a(lib_a-isattyr.o)
 .debug_frame   0x00001f68       0x20 c:/nxp/mcuxpressoide_11.1.0_3209/ide/plugins/com.nxp.mcuxpresso.tools.win32_11.1.0.201909161352/tools/bin/../lib/gcc/arm-none-eabi/8.3.1/../../../../arm-none-eabi/lib/thumb/v6-m/nofp\libc_nano.a(lib_a-errno.o)

Cross Reference Table

Symbol                                            File
ADC0_DriverIRQHandler                             ./startup/startup_mkl25z4.o
ADC0_IRQHandler                                   ./startup/startup_mkl25z4.o
BOARD_BootClockRUN                                ./board/clock_config.o
BOARD_BootClockVLPR                               ./board/clock_config.o
BOARD_InitBootClocks                              ./board/clock_config.o
                                                  ./source/main.o
BOARD_InitBootPeripherals                         ./board/peripherals.o
                                                  ./source/main.o
BOARD_InitBootPins                                ./board/pin_mux.o
                                                  ./source/main.o
BOARD_InitDebugConsole                            ./board/board.o
                                                  ./source/main.o
BOARD_InitPins                                    ./board/pin_mux.o
CLOCK_BootToBlpeMode                              ./drivers/fsl_clock.o
CLOCK_BootToBlpiMode                              ./drivers/fsl_clock.o
                                                  ./board/clock_config.o
CLOCK_BootToFeeMode                               ./drivers/fsl_clock.o
CLOCK_BootToFeiMode                               ./drivers/fsl_clock.o
CLOCK_BootToPeeMode                               ./drivers/fsl_clock.o
                                                  ./board/clock_config.o
CLOCK_CalcPllDiv                                  ./drivers/fsl_clock.o
CLOCK_ClearStatusFlags                            ./drivers/fsl_clock.o
CLOCK_DeinitOsc0                                  ./drivers/fsl_clock.o
CLOCK_EnablePll0                                  ./drivers/fsl_clock.o
CLOCK_EnableUsbfs0Clock                           ./drivers/fsl_clock.o
CLOCK_ExternalModeToFbeModeQuick                  ./drivers/fsl_clock.o
CLOCK_FllStableDelay                              ./drivers/fsl_clock.o
CLOCK_GetBusClkFreq                               ./drivers/fsl_clock.o
CLOCK_GetCoreSysClkFreq                           ./drivers/fsl_clock.o
CLOCK_GetEr32kClkFreq                             ./drivers/fsl_clock.o
CLOCK_GetFixedFreqClkFreq                         ./drivers/fsl_clock.o
CLOCK_GetFlashClkFreq                             ./drivers/fsl_clock.o
CLOCK_GetFllFreq                                  ./drivers/fsl_clock.o
CLOCK_GetFreq                                     ./drivers/fsl_clock.o
CLOCK_GetInternalRefClkFreq                       ./drivers/fsl_clock.o
CLOCK_GetMode                                     ./drivers/fsl_clock.o
CLOCK_GetOsc0ErClkFreq                            ./drivers/fsl_clock.o
CLOCK_GetOutClkFreq                               ./drivers/fsl_clock.o
CLOCK_GetPlatClkFreq                              ./drivers/fsl_clock.o
CLOCK_GetPll0Freq                                 ./drivers/fsl_clock.o
CLOCK_GetPllFllSelClkFreq                         ./drivers/fsl_clock.o
                                                  ./board/board.o
CLOCK_GetStatusFlags                              ./drivers/fsl_clock.o
CLOCK_InitOsc0                                    ./drivers/fsl_clock.o
                                                  ./board/clock_config.o
CLOCK_InternalModeToFbiModeQuick                  ./drivers/fsl_clock.o
CLOCK_SetBlpeMode                                 ./drivers/fsl_clock.o
CLOCK_SetBlpiMode                                 ./drivers/fsl_clock.o
CLOCK_SetExternalRefClkConfig                     ./drivers/fsl_clock.o
CLOCK_SetFbeMode                                  ./drivers/fsl_clock.o
CLOCK_SetFbiMode                                  ./drivers/fsl_clock.o
CLOCK_SetFeeMode                                  ./drivers/fsl_clock.o
CLOCK_SetFeiMode                                  ./drivers/fsl_clock.o
CLOCK_SetInternalRefClkConfig                     ./drivers/fsl_clock.o
                                                  ./board/clock_config.o
CLOCK_SetMcgConfig                                ./drivers/fsl_clock.o
CLOCK_SetOsc0MonitorMode                          ./drivers/fsl_clock.o
CLOCK_SetPbeMode                                  ./drivers/fsl_clock.o
CLOCK_SetPeeMode                                  ./drivers/fsl_clock.o
CLOCK_SetPll0MonitorMode                          ./drivers/fsl_clock.o
CLOCK_SetSimConfig                                ./drivers/fsl_clock.o
                                                  ./board/clock_config.o
CLOCK_TrimInternalRefClk                          ./drivers/fsl_clock.o
CMP0_DriverIRQHandler                             ./startup/startup_mkl25z4.o
CMP0_IRQHandler                                   ./startup/startup_mkl25z4.o
DAC0_DriverIRQHandler                             ./startup/startup_mkl25z4.o
DAC0_IRQHandler                                   ./startup/startup_mkl25z4.o
DMA0_DriverIRQHandler                             ./startup/startup_mkl25z4.o
DMA0_IRQHandler                                   ./startup/startup_mkl25z4.o
DMA1_DriverIRQHandler                             ./startup/startup_mkl25z4.o
DMA1_IRQHandler                                   ./startup/startup_mkl25z4.o
DMA2_DriverIRQHandler                             ./startup/startup_mkl25z4.o
DMA2_IRQHandler                                   ./startup/startup_mkl25z4.o
DMA3_DriverIRQHandler                             ./startup/startup_mkl25z4.o
DMA3_IRQHandler                                   ./startup/startup_mkl25z4.o
DbgConsole_Deinit                                 ./utilities/fsl_debug_console.o
DbgConsole_Init                                   ./utilities/fsl_debug_console.o
                                                  ./board/board.o
FLASH_Erase                                       ./drivers/fsl_flash.o
FLASH_EraseAll                                    ./drivers/fsl_flash.o
FLASH_EraseAllExecuteOnlySegments                 ./drivers/fsl_flash.o
FLASH_GetProperty                                 ./drivers/fsl_flash.o
FLASH_GetSecurityState                            ./drivers/fsl_flash.o
FLASH_Init                                        ./drivers/fsl_flash.o
FLASH_IsExecuteOnly                               ./drivers/fsl_flash.o
FLASH_IsProtected                                 ./drivers/fsl_flash.o
FLASH_PflashGetPrefetchSpeculation                ./drivers/fsl_flash.o
FLASH_PflashGetProtection                         ./drivers/fsl_flash.o
FLASH_PflashSetPrefetchSpeculation                ./drivers/fsl_flash.o
                                                  ./drivers/fsl_smc.o
FLASH_PflashSetProtection                         ./drivers/fsl_flash.o
FLASH_PrepareExecuteInRamFunctions                ./drivers/fsl_flash.o
FLASH_Program                                     ./drivers/fsl_flash.o
FLASH_ProgramOnce                                 ./drivers/fsl_flash.o
FLASH_ReadOnce                                    ./drivers/fsl_flash.o
FLASH_ReadResource                                ./drivers/fsl_flash.o
FLASH_SecurityBypass                              ./drivers/fsl_flash.o
FLASH_SetCallback                                 ./drivers/fsl_flash.o
FLASH_SetProperty                                 ./drivers/fsl_flash.o
FLASH_VerifyErase                                 ./drivers/fsl_flash.o
FLASH_VerifyEraseAll                              ./drivers/fsl_flash.o
FLASH_VerifyEraseAllExecuteOnlySegments           ./drivers/fsl_flash.o
FLASH_VerifyProgram                               ./drivers/fsl_flash.o
FTFA_DriverIRQHandler                             ./startup/startup_mkl25z4.o